== P4.02 compare ==
  [cache] D-ID (205263 units)
  [cache] D-MEAN (205263 units)
  [cache] D-LAST (205263 units)
  [cache] D-WIN4 (205263 units)
  [cache] D-WIN16 (205263 units)
  [cache] D-WIN64 (205263 units)
  [cache] D-ID_h23 (205263 units)
  [cache] D-MEAN_h23 (205263 units)
  D-MEAN: Δ=-0.000571 CI99fam=[-0.003006, 0.000168]
  D-LAST: Δ=-0.000279 CI99fam=[-0.001424, 0.000564]
  D-WIN16: Δ=9.6e-05 CI99fam=[-0.000447, 0.000726]
  [cache] K-POOLED (750 units)
  [cache] K-LAST (750 units)
  [cache] K-WIN4 (750 units)
  [cache] K-WIN16 (750 units)
  [cache] K-WIN64 (750 units)
  [cache] K-MIL_mean (750 units)
  [cache] K-MIL_max (750 units)
  [cache] K-POOLED_h29 (750 units)
  [cache] K-LAST_h29 (750 units)
  [cache] K-MIL_mean_h29 (750 units)
  K-MIL_mean: Δ=-0.019198 CI99fam=[-0.044051, 0.00117]
  K-LAST: Δ=-0.109023 CI99fam=[-0.164486, -0.057611]
  K-WIN16: Δ=0.000771 CI99fam=[-0.000604, 0.003259]
[p402-compare] DONE
== P4.03 learned ==
== L-ATT-KNOTS ==
  [ckpt] L-ATT-KNOTS seed13 已缓存
  [ckpt] L-ATT-KNOTS seed42 已缓存
  [ckpt] L-ATT-KNOTS seed2026 已缓存
  seed13: C=1 pooled=0.8808
  seed42: C=1 pooled=0.8775
  seed2026: C=1 pooled=0.8994
== L-ATT-DISORDER ==
  [ckpt] L-ATT-DISORDER seed13 已缓存
  [ckpt] L-ATT-DISORDER seed42 已缓存
  [ckpt] L-ATT-DISORDER seed2026 已缓存
  disorder seed13: C=10 yprot-AUROC=0.6961
  disorder seed42: C=10 yprot-AUROC=0.6836
  disorder seed2026: C=0.01 yprot-AUROC=0.7574
  L-ATT-KNOTS vs K-POOLED: seed-mean Δ=-0.024102 CI99fam=[-0.045461, -0.008263]
  L-ATT-DISORDER vs D-MEAN: seed-mean Δ=-3.8e-05 CI99fam=[-0.000401, 0.000308]
[p403] DONE
[compare+learned] DONE 2026-09-26T17:45:04Z
