宇宙 89 | 类型 {'3_1': 50, '5_2': 5, '4_1': 34}
选中 {'layer': 'h33', 'C': 1, 'component_balanced_acc_3vR': 0.8267, 'n_pred': 89}
{
 "selected": {
  "layer": "h33",
  "C": 1,
  "component_balanced_acc_3vR": 0.8267,
  "n_pred": 89
 },
 "macro_f1_descriptive": 0.3974,
 "permutation_macro_f1": {
  "mean": 0.3974,
  "max": 0.3974
 },
 "per_type": {
  "3_1": {
   "support_chains": 50,
   "support_components": 43,
   "recall": 0.9,
   "precision": 0.5625,
   "f1": 0.6923,
   "claim_level": "组级（多家族）"
  },
  "4_1": {
   "support_chains": 34,
   "support_components": 4,
   "recall": 0.0,
   "precision": 0.0,
   "f1": 0.0,
   "claim_level": "案例级（独立家族数不足，预注册）"
  },
  "5_2": {
   "support_chains": 5,
   "support_components": 3,
   "recall": 0.6,
   "precision": 0.4286,
   "f1": 0.5,
   "claim_level": "案例级（独立家族数不足，预注册）"
  }
 }
}
