[1] 6GOT_A K=3_1 c2=3_1 c1= n=257 err='int' object has no attribute 'items'
[2] 6RXY_CN K=3_1 c2=3_1 c1= n=226 err='int' object has no attribute 'items'
[3] 2VVB_X K=3_1 c2=3_1 c1= n=258 err='int' object has no attribute 'items'
[4] 3PO6_A K=3_1 c2=3_1 c1= n=258 err='int' object has no attribute 'items'
[5] 6QOW_A K=3_1 c2=3_1 c1= n=213 err='int' object has no attribute 'items'
[6] 1URT_A K=3_1 c2=3_1 c1= n=237 err='int' object has no attribute 'items'
[7] 3AXZ_A K=3_1 c2=3_1 c1= n=241 err='int' object has no attribute 'items'
[8] 4PYX_A K=3_1 c2=3_1 c1= n=257 err='int' object has no attribute 'items'
[9] 6HR3_A K=3_1 c2=3_1 c1= n=257 err='int' object has no attribute 'items'
[10] 2EGW_A K=3_1 c2=3_1 c1= n=229 err='int' object has no attribute 'items'
[11] 4E8B_A K=3_1 c2=3_1 c1= n=242 err='int' object has no attribute 'items'
[12] 6KM1_A K=3_1 c2=3_1 c1= n=257 err='int' object has no attribute 'items'
[13] 6UGN_A K=3_1 c2=3_1 c1= n=257 err='int' object has no attribute 'items'
[14] 4NDN_A K=3_1 c2=3_1 c1= n=362 err='int' object has no attribute 'items'
[15] 2AGL_D K=3_1 c2=0_1 c1= n=108 err=leading zeros in decimal integer literals are not permitted;
[16] 2NXT_A K=3_1 c2=3_1 c1= n=258 err='int' object has no attribute 'items'
[17] 2ZNC_A K=3_1 c2=3_1 c1= n=235 err='int' object has no attribute 'items'
[18] 1G0F_A K=3_1 c2=3_1 c1= n=258 err='int' object has no attribute 'items'
[19] 2W2J_A K=3_1 c2=3_1 c1= n=268 err='int' object has no attribute 'items'
[20] 2HJ4_D K=3_1 c2=0_1 c1= n=108 err=leading zeros in decimal integer literals are not permitted;
[21] 1UAM_A K=3_1 c2=3_1 c1= n=250 err='int' object has no attribute 'items'
[22] 2IUP_D K=3_1 c2=0_1 c1= n=108 err=leading zeros in decimal integer literals are not permitted;
[23] 3IBU_A K=3_1 c2=3_1 c1= n=258 err='int' object has no attribute 'items'
[24] 5IFE_D K=3_1 c2=3_1 c1= n=89 err='int' object has no attribute 'items'
[25] 6GAW_Ba K=3_1 c2=3_1 c1= n=393 err='int' object has no attribute 'items'
[26] 2AH1_D K=3_1 c2=0_1 c1= n=109 err=leading zeros in decimal integer literals are not permitted;
[27] 4YVH_A K=3_1 c2=3_1 c1= n=240 err='int' object has no attribute 'items'
[28] 3KKX_A K=3_1 c2=3_1 c1= n=258 err='int' object has no attribute 'items'
[29] 5U0F_A K=3_1 c2=3_1 c1= n=258 err='int' object has no attribute 'items'
[30] 4YGN_A K=3_1 c2=3_1 c1= n=257 err='int' object has no attribute 'items'
[31] 6GAW_Bw K=3_1 c2=3_1 c1= n=387 err='int' object has no attribute 'items'
[32] 5SYB_A K=3_1 c2=3_1 c1= n=90 err='int' object has no attribute 'items'
[33] 5JIR_A K=3_1 c2=3_1 c1= n=413 err='int' object has no attribute 'items'
[34] 6AFK_A K=3_1 c2=3_1 c1= n=237 err='int' object has no attribute 'items'
[35] 5L6K_A K=3_1 c2=3_1 c1= n=259 err='int' object has no attribute 'items'
[36] 4YWP_A K=3_1 c2=3_1 c1= n=257 err='int' object has no attribute 'items'
[37] 6OTI_A K=3_1 c2=3_1 c1= n=257 err='int' object has no attribute 'items'
[38] 2BBK_L K=3_1 c2=0_1 c1= n=124 err=leading zeros in decimal integer literals are not permitted;
[39] 1MXI_A K=3_1 c2=3_1 c1= n=156 err='int' object has no attribute 'items'
[40] 4Z1E_A K=3_1 c2=3_1 c1= n=259 err='int' object has no attribute 'items'
[41] 5O9Z_y K=3_1 c2=3_1 c1= n=89 err='int' object has no attribute 'items'
[42] 5ZD5_D K=3_1 c2=3_1 c1= n=85 err='int' object has no attribute 'items'
[43] 1XRB_A K=3_1 c2=3_1 c1= n=368 err='int' object has no attribute 'items'
[44] 4R59_A K=3_1 c2=3_1 c1= n=258 err='int' object has no attribute 'items'
[45] 5NXV_A K=3_1 c2=3_1 c1= n=258 err='int' object has no attribute 'items'
[46] 4YVJ_A K=3_1 c2=3_1 c1= n=239 err='int' object has no attribute 'items'
[47] 5WYR_A K=3_1 c2=3_1 c1= n=242 err='int' object has no attribute 'items'
[48] 6EMU_A K=3_1 c2=3_1 c1= n=170 err='int' object has no attribute 'items'
[49] 1O90_A K=3_1 c2=3_1 c1= n=368 err='int' object has no attribute 'items'
[50] 3F7B_A K=3_1 c2=3_1 c1= n=242 err='int' object has no attribute 'items'
[51] 2IAA_B K=3_1 c2=0_1 c1= n=112 err=leading zeros in decimal integer literals are not permitted;
[52] 7MU3_A K=3_1 c2=3_1 c1= n=259 err='int' object has no attribute 'items'
[53] 3M4N_A K=3_1 c2=3_1 c1= n=332 err='int' object has no attribute 'items'
[54] 5IPZ_A K=3_1 c2=3_1 c1= n=261 err='int' object has no attribute 'items'
[55] 2YY8_A K=3_1 c2=3_1 c1= n=174 err='int' object has no attribute 'items'
[56] 3S76_A K=3_1 c2=3_1 c1= n=257 err='int' object has no attribute 'items'
[57] 2GC4_B K=3_1 c2=0_1 c1= n=124 err=leading zeros in decimal integer literals are not permitted;
[58] 2AX2_A K=3_1 c2=3_1 c1= n=258 err='int' object has no attribute 'items'
[59] 3TDE_A K=3_1 c2=3_1 c1= n=369 err='int' object has no attribute 'items'
[60] 3M1Q_A K=3_1 c2=3_1 c1= n=257 err='int' object has no attribute 'items'
[61] 3L05_A K=3_1 c2=3_1 c1= n=331 err='int' object has no attribute 'items'
[62] 4CNF_B K=3_1 c2=3_1 c1= n=151 err='int' object has no attribute 'items'
[63] 2MAD_L K=3_1 c2=0_1 c1= n=123 err=leading zeros in decimal integer literals are not permitted;
[64] 5OOM_s K=3_1 c2=3_1 c1= n=370 err='int' object has no attribute 'items'
[65] 3SAX_A K=3_1 c2=3_1 c1= n=258 err='int' object has no attribute 'items'
[66] 6QOE_A K=3_1 c2=3_1 c1= n=213 err='int' object has no attribute 'items'
[67] 3JXF_A K=3_1 c2=3_1 c1= n=268 err='int' object has no attribute 'items'
[68] 6Y74_A K=3_1 c2=3_1 c1= n=258 err='int' object has no attribute 'items'
[69] 5H9U_A K=3_1 c2=3_1 c1= n=394 err='int' object has no attribute 'items'
[70] 3L06_A K=3_1 c2=3_1 c1= n=331 err='int' object has no attribute 'items'
[71] 3C75_L K=3_1 c2=0_1 c1= n=124 err=leading zeros in decimal integer literals are not permitted;
[72] 3RZ5_A K=3_1 c2=3_1 c1= n=258 err='int' object has no attribute 'items'
[73] 4KTT_C K=3_1 c2=3_1 c1= n=360 err='int' object has no attribute 'items'
[74] 3MNU_A K=3_1 c2=3_1 c1= n=257 err='int' object has no attribute 'items'
[75] 3CZV_A K=3_1 c2=3_1 c1= n=258 err='int' object has no attribute 'items'
[76] 3ONP_A K=3_1 c2=3_1 c1= n=154 err='int' object has no attribute 'items'
[77] 5MSA_A K=3_1 c2=3_1 c1= n=261 err='int' object has no attribute 'items'
[78] 6YJ3_A K=3_1 c2=3_1 c1= n=258 err='int' object has no attribute 'items'
[79] 5LLG_A K=3_1 c2=3_1 c1= n=257 err='int' object has no attribute 'items'
[80] 4QK1_A K=3_1 c2=3_1 c1= n=257 err='int' object has no attribute 'items'
[81] 5TFX_A K=3_1 c2=3_1 c1= n=258 err='int' object has no attribute 'items'
[82] 3S82_A K=3_1 c2=3_1 c1= n=373 err='int' object has no attribute 'items'
[83] 4HPV_A K=3_1 c2=3_1 c1= n=391 err='int' object has no attribute 'items'
[84] 5O96_A K=3_1 c2=3_1 c1= n=242 err='int' object has no attribute 'items'
[85] 2NNO_A K=3_1 c2=3_1 c1= n=259 err='int' object has no attribute 'items'
[86] 4R5A_A K=3_1 c2=3_1 c1= n=259 err='int' object has no attribute 'items'
[87] 5LLP_A K=3_1 c2=3_1 c1= n=260 err='int' object has no attribute 'items'
[88] 7LOO_A K=3_1 c2=3_1 c1= n=379 err='int' object has no attribute 'items'
[89] 1RG9_A K=3_1 c2=3_1 c1= n=383 err='int' object has no attribute 'items'
[90] 1MXC_A K=3_1 c2=3_1 c1= n=377 err='int' object has no attribute 'items'
[91] 5LLE_A K=3_1 c2=3_1 c1= n=257 err='int' object has no attribute 'items'
[92] 3V5S_A K=3_1 c2=3_1 c1= n=289 err='int' object has no attribute 'items'
[93] 5CO4_A K=3_1 c2=3_1 c1= n=152 err='int' object has no attribute 'items'
[94] 3IBN_A K=3_1 c2=3_1 c1= n=258 err='int' object has no attribute 'items'
[95] 2OBV_A K=3_1 c2=3_1 c1= n=384 err='int' object has no attribute 'items'
[96] 4MDG_A K=3_1 c2=3_1 c1= n=258 err='int' object has no attribute 'items'
[97] 3L4O_C K=3_1 c2=0_1 c1= n=124 err=leading zeros in decimal integer literals are not permitted;
[98] 5FLO_A K=3_1 c2=3_1 c1= n=258 err='int' object has no attribute 'items'
[99] 7OCK_B K=3_1 c2=3_1 c1= n=384 err='int' object has no attribute 'items'
[100] 5DOG_A K=3_1 c2=3_1 c1= n=257 err='int' object has no attribute 'items'
[101] 3KNU_A K=3_1 c2=3_1 c1= n=192 err='int' object has no attribute 'items'
[102] 4YQD_A K=3_1 c2=3_1 c1= n=244 err='int' object has no attribute 'items'
[103] 3GZ0_A K=3_1 c2=3_1 c1= n=257 err='int' object has no attribute 'items'
[104] 6H36_A K=3_1 c2=3_1 c1= n=259 err='int' object has no attribute 'items'
[105] 6QRD_A K=3_1 c2=3_1 c1= n=212 err='int' object has no attribute 'items'
[106] 5FNM_A K=3_1 c2=3_1 c1= n=258 err='int' object has no attribute 'items'
[107] 5TV3_A K=3_1 c2=3_1 c1= n=226 err='int' object has no attribute 'items'
[108] 1ZE8_A K=3_1 c2=3_1 c1= n=258 err='int' object has no attribute 'items'
[109] 5KZK_A K=3_1 c2=3_1 c1= n=257 err='int' object has no attribute 'items'
[110] 2AGX_D K=3_1 c2=0_1 c1= n=108 err=leading zeros in decimal integer literals are not permitted;
[111] 4RG1_A K=3_1 c2=3_1 c1= n=285 err='int' object has no attribute 'items'
[112] 7ONU_F K=3_1 c2=3_1 c1= n=276 err='int' object has no attribute 'items'
[113] 5LLN_A K=3_1 c2=3_1 c1= n=259 err='int' object has no attribute 'items'
[114] 5TH4_A K=3_1 c2=3_1 c1= n=257 err='int' object has no attribute 'items'
[115] 3MHM_A K=3_1 c2=3_1 c1= n=257 err='int' object has no attribute 'items'
[116] 1VHK_A K=3_1 c2=3_1 c1= n=231 err='int' object has no attribute 'items'
[117] 4KTT_D K=3_1 c2=3_1 c1= n=380 err='int' object has no attribute 'items'
[118] 4MDM_A K=3_1 c2=3_1 c1= n=258 err='int' object has no attribute 'items'
[119] 5Y2R_A K=3_1 c2=3_1 c1= n=257 err='int' object has no attribute 'items'
[120] 5LL9_A K=3_1 c2=3_1 c1= n=261 err='int' object has no attribute 'items'
[121] 3RYX_B K=3_1 c2=3_1 c1= n=258 err='int' object has no attribute 'items'
[122] 3N4J_A K=3_1 c2=3_1 c1= n=161 err='int' object has no attribute 'items'
[123] 5TWJ_A K=3_1 c2=3_1 c1= n=157 err='int' object has no attribute 'items'
[124] 3E5Y_A K=3_1 c2=3_1 c1= n=156 err='int' object has no attribute 'items'
[125] 3RYJ_B K=3_1 c2=3_1 c1= n=257 err='int' object has no attribute 'items'
[126] 3M67_A K=3_1 c2=3_1 c1= n=257 err='int' object has no attribute 'items'
[127] 1O6D_A K=3_1 c2=3_1 c1= n=147 err='int' object has no attribute 'items'
[128] 4FL7_A K=3_1 c2=3_1 c1= n=257 err='int' object has no attribute 'items'
[129] 3KON_A K=3_1 c2=3_1 c1= n=258 err='int' object has no attribute 'items'
[130] 5NFJ_A K=3_1 c2=3_1 c1= n=178 err='int' object has no attribute 'items'
[131] 5GMN_A K=3_1 c2=3_1 c1= n=257 err='int' object has no attribute 'items'
[132] 3M96_A K=3_1 c2=3_1 c1= n=257 err='int' object has no attribute 'items'
[133] 5DSQ_A K=3_1 c2=3_1 c1= n=257 err='int' object has no attribute 'items'
[134] 3ML5_A K=3_1 c2=3_1 c1= n=262 err='int' object has no attribute 'items'
[135] 7NG1_A K=3_1 c2=3_1 c1= n=277 err='int' object has no attribute 'items'
[136] 5NXG_A K=3_1 c2=3_1 c1= n=257 err='int' object has no attribute 'items'
[137] 5G0B_A K=3_1 c2=3_1 c1= n=257 err='int' object has no attribute 'items'
[138] 5WLR_A K=3_1 c2=3_1 c1= n=257 err='int' object has no attribute 'items'
[139] 5Y2S_A K=3_1 c2=3_1 c1= n=257 err='int' object has no attribute 'items'
[140] 6QNL_A K=3_1 c2=3_1 c1= n=253 err='int' object has no attribute 'items'
[141] 3RZ7_A K=3_1 c2=3_1 c1= n=257 err='int' object has no attribute 'items'
[142] 5EKM_A K=3_1 c2=3_1 c1= n=257 err='int' object has no attribute 'items'
[143] 6RG4_A K=3_1 c2=3_1 c1= n=258 err='int' object has no attribute 'items'
[144] 6RXZ_CN K=3_1 c2=3_1 c1= n=226 err='int' object has no attribute 'items'
[145] 5KU6_A K=3_1 c2=3_1 c1= n=244 err='int' object has no attribute 'items'
[146] 2EU2_A K=3_1 c2=3_1 c1= n=257 err='int' object has no attribute 'items'
[147] 5UGH_A K=3_1 c2=3_1 c1= n=369 err='int' object has no attribute 'items'
[148] 6RQQ_A K=3_1 c2=3_1 c1= n=256 err='int' object has no attribute 'items'
[149] 4KP8_A K=3_1 c2=3_1 c1= n=261 err='int' object has no attribute 'items'
[150] 2WD3_A K=3_1 c2=3_1 c1= n=257 err='int' object has no attribute 'items'
[151] 3BET_A K=3_1 c2=3_1 c1= n=258 err='int' object has no attribute 'items'
[152] 3ZNC_A K=3_1 c2=3_1 c1= n=236 err='int' object has no attribute 'items'
[153] 5TY1_A K=3_1 c2=3_1 c1= n=258 err='int' object has no attribute 'items'
[154] 5THJ_A K=3_1 c2=3_1 c1= n=257 err='int' object has no attribute 'items'
[155] 1HVA_A K=3_1 c2=3_1 c1= n=255 err='int' object has no attribute 'items'
[156] 5SZ2_A K=3_1 c2=3_1 c1= n=257 err='int' object has no attribute 'items'
[157] 4ITP_A K=3_1 c2=3_1 c1= n=257 err='int' object has no attribute 'items'
[158] 5TT8_A K=3_1 c2=3_1 c1= n=201 err='int' object has no attribute 'items'
[159] 4YVG_A K=3_1 c2=3_1 c1= n=239 err='int' object has no attribute 'items'
[160] 6D1L_A K=3_1 c2=3_1 c1= n=259 err='int' object has no attribute 'items'
[161] 5YUJ_A K=3_1 c2=3_1 c1= n=257 err='int' object has no attribute 'items'
[162] 4YPX_A K=3_1 c2=3_1 c1= n=239 err='int' object has no attribute 'items'
[163] 1TO0_A K=3_1 c2=3_1 c1= n=142 err='int' object has no attribute 'items'
[164] 5GM8_A K=3_1 c2=3_1 c1= n=170 err='int' object has no attribute 'items'
[165] 1FQM_A K=3_1 c2=3_1 c1= n=256 err='int' object has no attribute 'items'
[166] 2CBE_A K=3_1 c2=3_1 c1= n=258 err='int' object has no attribute 'items'
[167] 3S73_B K=3_1 c2=3_1 c1= n=257 err='int' object has no attribute 'items'
[168] 1MG2_B K=3_1 c2=0_1 c1= n=124 err=leading zeros in decimal integer literals are not permitted;
[169] 4TWM_A K=3_1 c2=3_1 c1= n=239 err='int' object has no attribute 'items'
[170] 2V3K_A K=3_1 c2=3_1 c1= n=213 err='int' object has no attribute 'items'
[171] 6R6Y_A K=3_1 c2=3_1 c1= n=261 err='int' object has no attribute 'items'
[172] 6QQY_A K=3_1 c2=3_1 c1= n=216 err='int' object has no attribute 'items'
[173] 1CNH_A K=3_1 c2=3_1 c1= n=257 err='int' object has no attribute 'items'
[174] 3OIN_A K=3_1 c2=3_1 c1= n=216 err='int' object has no attribute 'items'
[175] 2EZ7_A K=3_1 c2=3_1 c1= n=258 err='int' object has no attribute 'items'
[176] 4NDN_D K=3_1 c2=3_1 c1= n=382 err='int' object has no attribute 'items'
[177] 1X7P_A K=3_1 c2=3_1 c1= n=265 err='int' object has no attribute 'items'
[178] 5GMB_A K=3_1 c2=3_1 c1= n=171 err='int' object has no attribute 'items'
[179] 5M78_A K=3_1 c2=3_1 c1= n=259 err='int' object has no attribute 'items'
[180] 5SZ5_A K=3_1 c2=3_1 c1= n=257 err='int' object has no attribute 'items'
[181] 5T8S_A K=3_1 c2=3_1 c1= n=388 err='int' object has no attribute 'items'
[182] 4KAP_A K=3_1 c2=3_1 c1= n=258 err='int' object has no attribute 'items'
[183] 2HKR_D K=3_1 c2= c1= n=0 err=[Errno 2] No such file or directory: '/lenovofs1/home/jyma/P
[184] 3IBL_A K=3_1 c2=3_1 c1= n=258 err='int' object has no attribute 'items'
[185] 6JOF_A K=3_1 c2=3_1 c1= n=206 err='int' object has no attribute 'items'
[186] 3M5D_A K=3_1 c2=3_1 c1= n=332 err='int' object has no attribute 'items'
[187] 6RXX_CN K=3_1 c2=3_1 c1= n=226 err='int' object has no attribute 'items'
[188] 6QQQ_A K=3_1 c2=3_1 c1= n=211 err='int' object has no attribute 'items'
[189] 5OQL_e K=3_1 c2=3_1 c1= n=215 err='int' object has no attribute 'items'
[190] 2J57_K K=3_1 c2=0_1 c1= n=124 err=leading zeros in decimal integer literals are not permitted;
[191] 1MG3_B K=3_1 c2=0_1 c1= n=124 err=leading zeros in decimal integer literals are not permitted;
[192] 4CNE_B K=3_1 c2=3_1 c1= n=164 err='int' object has no attribute 'items'
[193] 1QM4_A K=3_1 c2=3_1 c1= n=368 err='int' object has no attribute 'items'
[194] 6QR2_A K=3_1 c2=3_1 c1= n=213 err='int' object has no attribute 'items'
[195] 6QRE_A K=3_1 c2=3_1 c1= n=211 err='int' object has no attribute 'items'
[196] 5FL5_A K=3_1 c2=3_1 c1= n=251 err='int' object has no attribute 'items'
[197] 5FAI_A K=3_1 c2=3_1 c1= n=209 err='int' object has no attribute 'items'
[198] 6B00_A K=3_1 c2=3_1 c1= n=263 err='int' object has no attribute 'items'
[199] 1UAL_A K=3_1 c2=3_1 c1= n=243 err='int' object has no attribute 'items'
[200] 3V2J_A K=3_1 c2=3_1 c1= n=257 err='int' object has no attribute 'items'
[201] 2O9B_A K=4_1 c2=4_1 c1= n=315 err='int' object has no attribute 'items'
[202] 2O9C_A K=4_1 c2=4_1 c1= n=319 err='int' object has no attribute 'items'
[203] 2OOL_A K=4_1 c2=4_1 c1= n=304 err='int' object has no attribute 'items'
[204] 3C2W_A K=4_1 c2=4_1 c1= n=478 err='int' object has no attribute 'items'
[205] 3G6O_A K=4_1 c2=4_1 c1= n=457 err='int' object has no attribute 'items'
[206] 3IBR_A K=4_1 c2=4_1 c1= n=446 err='int' object has no attribute 'items'
[207] 3NHQ_A K=4_1 c2=4_1 c1= n=479 err='int' object has no attribute 'items'
[208] 3NOP_C K=4_1 c2=4_1 c1= n=483 err='int' object has no attribute 'items'
[209] 3NOT_C K=4_1 c2=4_1 c1= n=483 err='int' object has no attribute 'items'
[210] 3NOU_C K=4_1 c2=4_1 c1= n=483 err='int' object has no attribute 'items'
[211] 3S7N_A K=4_1 c2=4_1 c1= n=313 err='int' object has no attribute 'items'
[212] 3S7O_A K=4_1 c2=4_1 c1= n=315 err='int' object has no attribute 'items'
[213] 3S7P_A K=4_1 c2=4_1 c1= n=315 err='int' object has no attribute 'items'
[214] 3S7Q_A K=4_1 c2=4_1 c1= n=310 err='int' object has no attribute 'items'
[215] 3ZQ5_A K=4_1 c2=4_1 c1= n=517 err='int' object has no attribute 'items'
[216] 4CQH_A K=4_1 c2=4_1 c1= n=306 err='int' object has no attribute 'items'
[217] 4E04_A K=4_1 c2=4_1 c1= n=308 err='int' object has no attribute 'items'
[218] 4IJG_A K=4_1 c2=4_1 c1= n=311 err='int' object has no attribute 'items'
[219] 4O01_A K=4_1 c2=4_1 c1= n=483 err='int' object has no attribute 'items'
[220] 4O01_B K=4_1 c2=4_1 c1= n=486 err='int' object has no attribute 'items'
[221] 4O01_C K=4_1 c2=4_1 c1= n=483 err='int' object has no attribute 'items'
[222] 4O01_D K=4_1 c2=4_1 c1= n=482 err='int' object has no attribute 'items'
[223] 4O0P_A K=4_1 c2=4_1 c1= n=485 err='int' object has no attribute 'items'
[224] 4O0P_B K=4_1 c2=4_1 c1= n=484 err='int' object has no attribute 'items'
[225] 4O8G_A K=4_1 c2=4_1 c1= n=311 err='int' object has no attribute 'items'
[226] 4Q0H_A K=4_1 c2=4_1 c1= n=321 err='int' object has no attribute 'items'
[227] 4Q0I_A K=4_1 c2=4_1 c1= n=315 err='int' object has no attribute 'items'
[228] 4Q0J_A K=4_1 c2=4_1 c1= n=495 err='int' object has no attribute 'items'
[229] 4R6L_A K=4_1 c2=4_1 c1= n=473 err='int' object has no attribute 'items'
[230] 4RQ9_A K=4_1 c2=4_1 c1= n=304 err='int' object has no attribute 'items'
[231] 4XTQ_A K=4_1 c2=4_1 c1= n=303 err='int' object has no attribute 'items'
[232] 4Y3I_A K=4_1 c2=4_1 c1= n=319 err='int' object has no attribute 'items'
[233] 4Y5F_A K=4_1 c2=4_1 c1= n=319 err='int' object has no attribute 'items'
[234] 4Z1W_A K=4_1 c2=4_1 c1= n=313 err='int' object has no attribute 'items'
[235] 4ZRR_A K=4_1 c2=4_1 c1= n=310 err='int' object has no attribute 'items'
[236] 5C5K_A K=4_1 c2=4_1 c1= n=490 err='int' object has no attribute 'items'
[237] 5HSQ_A K=4_1 c2=4_1 c1= n=488 err='int' object has no attribute 'items'
[238] 5I5L_A K=4_1 c2=4_1 c1= n=480 err='int' object has no attribute 'items'
[239] 5K5B_A K=4_1 c2=4_1 c1= n=305 err='int' object has no attribute 'items'
[240] 5L8M_A K=4_1 c2=4_1 c1= n=305 err='int' object has no attribute 'items'
[241] 5LBR_A K=4_1 c2=4_1 c1= n=304 err='int' object has no attribute 'items'
[242] 5MG0_A K=4_1 c2=4_1 c1= n=322 err='int' object has no attribute 'items'
[243] 5NFX_A K=4_1 c2=4_1 c1= n=305 err='int' object has no attribute 'items'
[244] 5NM3_A K=4_1 c2=4_1 c1= n=492 err='int' object has no attribute 'items'
[245] 5NWN_A K=4_1 c2=4_1 c1= n=478 err='int' object has no attribute 'items'
[246] 5VIK_A K=4_1 c2=4_1 c1= n=296 err='int' object has no attribute 'items'
[247] 5VIQ_A K=4_1 c2=4_1 c1= n=296 err='int' object has no attribute 'items'
[248] 5VIV_A K=4_1 c2=4_1 c1= n=300 err='int' object has no attribute 'items'
[249] 6BAF_A K=4_1 c2=4_1 c1= n=303 err='int' object has no attribute 'items'
[250] 6BAK_A K=4_1 c2=4_1 c1= n=303 err='int' object has no attribute 'items'
[251] 6BAO_A K=4_1 c2=4_1 c1= n=503 err='int' object has no attribute 'items'
[252] 6BAP_A K=4_1 c2=4_1 c1= n=505 err='int' object has no attribute 'items'
[253] 6BAY_A K=4_1 c2=4_1 c1= n=505 err='int' object has no attribute 'items'
[254] 6FHT_A K=4_1 c2=4_1 c1= n=730 err='int' object has no attribute 'items'
[255] 6PTQ_A K=4_1 c2=4_1 c1= n=482 err='int' object has no attribute 'items'
[256] 6PTX_A K=4_1 c2=4_1 c1= n=481 err='int' object has no attribute 'items'
[257] 6PU2_A K=4_1 c2=4_1 c1= n=481 err='int' object has no attribute 'items'
[258] 1UCH_A K=5_2 c2=5_2 c1= n=206 err='int' object has no attribute 'items'
[259] 1XD3_A K=5_2 c2=5_2 c1= n=229 err='int' object has no attribute 'items'
[260] 2ETL_A K=5_2 c2=5_2 c1= n=223 err='int' object has no attribute 'items'
[261] 2LEN_A K=5_2 c2=5_2 c1= n=231 err='int' object has no attribute 'items'
[262] 2WDT_A K=5_2 c2=5_2 c1= n=204 err='int' object has no attribute 'items'
[263] 2WE6_A K=5_2 c2=5_2 c1= n=208 err='int' object has no attribute 'items'
[264] 3IFW_A K=5_2 c2=5_2 c1= n=223 err='int' object has no attribute 'items'
[265] 3IRT_A K=5_2 c2=0_1 c1= n=223 err='int' object has no attribute 'items'
[266] 3KVF_A K=5_2 c2=5_2 c1= n=223 err='int' object has no attribute 'items'
[267] 3KW5_A K=5_2 c2=5_2 c1= n=223 err='int' object has no attribute 'items'
[268] 3RII_A K=5_2 c2=5_2 c1= n=209 err='int' object has no attribute 'items'
[269] 3RIS_A K=5_2 c2=5_2 c1= n=227 err='int' object has no attribute 'items'
[270] 4DM9_A K=5_2 c2=0_1 c1= n=223 err='int' object has no attribute 'items'
[271] 4I6N_A K=5_2 c2=0_1 c1= n=215 err=leading zeros in decimal integer literals are not permitted;
[272] 4JKJ_A K=5_2 c2=5_2 c1= n=223 err='int' object has no attribute 'items'
[273] 4JKJ_B K=5_2 c2=5_2 c1= n=223 err='int' object has no attribute 'items'
[274] 4UEL_A K=5_2 c2=5_2 c1= n=302 err='int' object has no attribute 'items'
[275] 4UEM_A K=5_2 c2=5_2 c1= n=281 err='int' object has no attribute 'items'
[276] 4UF5_A K=5_2 c2=5_2 c1= n=293 err='int' object has no attribute 'items'
[277] 4UF6_A K=5_2 c2=5_2 c1= n=292 err='int' object has no attribute 'items'
[278] 4WLP_A K=5_2 c2=5_2 c1= n=296 err='int' object has no attribute 'items'
[279] 4WLQ_A K=5_2 c2=5_2 c1= n=292 err='int' object has no attribute 'items'
[280] 4WLR_A K=5_2 c2=5_2 c1= n=296 err='int' object has no attribute 'items'
[281] 3WJ8_A K=6_1 c2=TMC c1= n=298 err='int' object has no attribute 'items'
[282] 4N2X_A K=6_1 c2=6_1 c1= n=298 err='int' object has no attribute 'items'
[p507] DONE 282 chains
[p507] DONE 2026-09-27T17:17:47Z
