[15] 2AGL_D K=3_1 c2=0_1 c1= n=108 err=^^^^^^^^^^^^^^
  File "/lenovofs1/home/jyma/.conda/envs/plm_
[20] 2HJ4_D K=3_1 c2=0_1 c1= n=108 err=^^^^^^^^^^^^^^
  File "/lenovofs1/home/jyma/.conda/envs/plm_
[22] 2IUP_D K=3_1 c2=0_1 c1= n=108 err=^^^^^^^^^^^^^^
  File "/lenovofs1/home/jyma/.conda/envs/plm_
[26] 2AH1_D K=3_1 c2=0_1 c1= n=109 err=^^^^^^^^^^^^^^
  File "/lenovofs1/home/jyma/.conda/envs/plm_
[38] 2BBK_L K=3_1 c2=0_1 c1= n=124 err=^^^^^^^^^^^^^^
  File "/lenovofs1/home/jyma/.conda/envs/plm_
[51] 2IAA_B K=3_1 c2=0_1 c1= n=112 err=^^^^^^^^^^^^^^
  File "/lenovofs1/home/jyma/.conda/envs/plm_
[57] 2GC4_B K=3_1 c2=0_1 c1= n=124 err=^^^^^^^^^^^^^^
  File "/lenovofs1/home/jyma/.conda/envs/plm_
[63] 2MAD_L K=3_1 c2=0_1 c1= n=123 err=^^^^^^^^^^^^^^
  File "/lenovofs1/home/jyma/.conda/envs/plm_
[71] 3C75_L K=3_1 c2=0_1 c1= n=124 err=^^^^^^^^^^^^^^
  File "/lenovofs1/home/jyma/.conda/envs/plm_
[97] 3L4O_C K=3_1 c2=0_1 c1= n=124 err=^^^^^^^^^^^^^^
  File "/lenovofs1/home/jyma/.conda/envs/plm_
[110] 2AGX_D K=3_1 c2=0_1 c1= n=108 err=^^^^^^^^^^^^^^
  File "/lenovofs1/home/jyma/.conda/envs/plm_
[168] 1MG2_B K=3_1 c2=0_1 c1= n=124 err=^^^^^^^^^^^^^^
  File "/lenovofs1/home/jyma/.conda/envs/plm_
[183] 2HKR_D K=3_1 c2= c1= n=0 err=/lenovofs1/home/jyma/.conda/envs/plm_bench/lib/python3.11/gz
[190] 2J57_K K=3_1 c2=0_1 c1= n=124 err=^^^^^^^^^^^^^^
  File "/lenovofs1/home/jyma/.conda/envs/plm_
[191] 1MG3_B K=3_1 c2=0_1 c1= n=124 err=^^^^^^^^^^^^^^
  File "/lenovofs1/home/jyma/.conda/envs/plm_
[271] 4I6N_A K=5_2 c2=0_1 c1= n=215 err=^^^^^^^^^^^^^^
  File "/lenovofs1/home/jyma/.conda/envs/plm_
[p507] DONE 282 chains
[p507] DONE 2026-09-28T03:19:53Z
