[1] 6GOT_A K=3_1 c2= c1= n=257 err=The input data incorrect. Maybe its just missing file? (tryi
[2] 6RXY_CN K=3_1 c2= c1= n=226 err=The input data incorrect. Maybe its just missing file? (tryi
[3] 2VVB_X K=3_1 c2= c1= n=258 err=The input data incorrect. Maybe its just missing file? (tryi
[4] 3PO6_A K=3_1 c2= c1= n=258 err=The input data incorrect. Maybe its just missing file? (tryi
[5] 6QOW_A K=3_1 c2= c1= n=213 err=The input data incorrect. Maybe its just missing file? (tryi
[6] 1URT_A K=3_1 c2= c1= n=237 err=The input data incorrect. Maybe its just missing file? (tryi
[7] 3AXZ_A K=3_1 c2= c1= n=241 err=The input data incorrect. Maybe its just missing file? (tryi
[8] 4PYX_A K=3_1 c2= c1= n=257 err=The input data incorrect. Maybe its just missing file? (tryi
[9] 6HR3_A K=3_1 c2= c1= n=257 err=The input data incorrect. Maybe its just missing file? (tryi
[10] 2EGW_A K=3_1 c2= c1= n=229 err=The input data incorrect. Maybe its just missing file? (tryi
[11] 4E8B_A K=3_1 c2= c1= n=242 err=The input data incorrect. Maybe its just missing file? (tryi
[12] 6KM1_A K=3_1 c2= c1= n=257 err=The input data incorrect. Maybe its just missing file? (tryi
[13] 6UGN_A K=3_1 c2= c1= n=257 err=The input data incorrect. Maybe its just missing file? (tryi
[14] 4NDN_A K=3_1 c2= c1= n=362 err=The input data incorrect. Maybe its just missing file? (tryi
[15] 2AGL_D K=3_1 c2= c1= n=108 err=The input data incorrect. Maybe its just missing file? (tryi
[16] 2NXT_A K=3_1 c2= c1= n=258 err=The input data incorrect. Maybe its just missing file? (tryi
[17] 2ZNC_A K=3_1 c2= c1= n=235 err=The input data incorrect. Maybe its just missing file? (tryi
[18] 1G0F_A K=3_1 c2= c1= n=258 err=The input data incorrect. Maybe its just missing file? (tryi
[19] 2W2J_A K=3_1 c2= c1= n=268 err=The input data incorrect. Maybe its just missing file? (tryi
[20] 2HJ4_D K=3_1 c2= c1= n=108 err=The input data incorrect. Maybe its just missing file? (tryi
[21] 1UAM_A K=3_1 c2= c1= n=250 err=The input data incorrect. Maybe its just missing file? (tryi
[22] 2IUP_D K=3_1 c2= c1= n=108 err=The input data incorrect. Maybe its just missing file? (tryi
[23] 3IBU_A K=3_1 c2= c1= n=258 err=The input data incorrect. Maybe its just missing file? (tryi
[24] 5IFE_D K=3_1 c2= c1= n=89 err=The input data incorrect. Maybe its just missing file? (tryi
[25] 6GAW_Ba K=3_1 c2= c1= n=393 err=The input data incorrect. Maybe its just missing file? (tryi
[26] 2AH1_D K=3_1 c2= c1= n=109 err=The input data incorrect. Maybe its just missing file? (tryi
[27] 4YVH_A K=3_1 c2= c1= n=240 err=The input data incorrect. Maybe its just missing file? (tryi
[28] 3KKX_A K=3_1 c2= c1= n=258 err=The input data incorrect. Maybe its just missing file? (tryi
[29] 5U0F_A K=3_1 c2= c1= n=258 err=The input data incorrect. Maybe its just missing file? (tryi
[30] 4YGN_A K=3_1 c2= c1= n=257 err=The input data incorrect. Maybe its just missing file? (tryi
[31] 6GAW_Bw K=3_1 c2= c1= n=387 err=The input data incorrect. Maybe its just missing file? (tryi
[32] 5SYB_A K=3_1 c2= c1= n=90 err=The input data incorrect. Maybe its just missing file? (tryi
[33] 5JIR_A K=3_1 c2= c1= n=413 err=The input data incorrect. Maybe its just missing file? (tryi
[34] 6AFK_A K=3_1 c2= c1= n=237 err=The input data incorrect. Maybe its just missing file? (tryi
[35] 5L6K_A K=3_1 c2= c1= n=259 err=The input data incorrect. Maybe its just missing file? (tryi
[36] 4YWP_A K=3_1 c2= c1= n=257 err=The input data incorrect. Maybe its just missing file? (tryi
[37] 6OTI_A K=3_1 c2= c1= n=257 err=The input data incorrect. Maybe its just missing file? (tryi
[38] 2BBK_L K=3_1 c2= c1= n=124 err=The input data incorrect. Maybe its just missing file? (tryi
[39] 1MXI_A K=3_1 c2= c1= n=156 err=The input data incorrect. Maybe its just missing file? (tryi
[40] 4Z1E_A K=3_1 c2= c1= n=259 err=The input data incorrect. Maybe its just missing file? (tryi
[41] 5O9Z_y K=3_1 c2= c1= n=89 err=The input data incorrect. Maybe its just missing file? (tryi
[42] 5ZD5_D K=3_1 c2= c1= n=85 err=The input data incorrect. Maybe its just missing file? (tryi
[43] 1XRB_A K=3_1 c2= c1= n=368 err=The input data incorrect. Maybe its just missing file? (tryi
[44] 4R59_A K=3_1 c2= c1= n=258 err=The input data incorrect. Maybe its just missing file? (tryi
[45] 5NXV_A K=3_1 c2= c1= n=258 err=The input data incorrect. Maybe its just missing file? (tryi
[46] 4YVJ_A K=3_1 c2= c1= n=239 err=The input data incorrect. Maybe its just missing file? (tryi
[47] 5WYR_A K=3_1 c2= c1= n=242 err=The input data incorrect. Maybe its just missing file? (tryi
[48] 6EMU_A K=3_1 c2= c1= n=170 err=The input data incorrect. Maybe its just missing file? (tryi
[49] 1O90_A K=3_1 c2= c1= n=368 err=The input data incorrect. Maybe its just missing file? (tryi
[50] 3F7B_A K=3_1 c2= c1= n=242 err=The input data incorrect. Maybe its just missing file? (tryi
[51] 2IAA_B K=3_1 c2= c1= n=112 err=The input data incorrect. Maybe its just missing file? (tryi
[52] 7MU3_A K=3_1 c2= c1= n=259 err=The input data incorrect. Maybe its just missing file? (tryi
[53] 3M4N_A K=3_1 c2= c1= n=332 err=The input data incorrect. Maybe its just missing file? (tryi
[54] 5IPZ_A K=3_1 c2= c1= n=261 err=The input data incorrect. Maybe its just missing file? (tryi
[55] 2YY8_A K=3_1 c2= c1= n=174 err=The input data incorrect. Maybe its just missing file? (tryi
[56] 3S76_A K=3_1 c2= c1= n=257 err=The input data incorrect. Maybe its just missing file? (tryi
[57] 2GC4_B K=3_1 c2= c1= n=124 err=The input data incorrect. Maybe its just missing file? (tryi
[58] 2AX2_A K=3_1 c2= c1= n=258 err=The input data incorrect. Maybe its just missing file? (tryi
[59] 3TDE_A K=3_1 c2= c1= n=369 err=The input data incorrect. Maybe its just missing file? (tryi
[60] 3M1Q_A K=3_1 c2= c1= n=257 err=The input data incorrect. Maybe its just missing file? (tryi
[61] 3L05_A K=3_1 c2= c1= n=331 err=The input data incorrect. Maybe its just missing file? (tryi
[62] 4CNF_B K=3_1 c2= c1= n=151 err=The input data incorrect. Maybe its just missing file? (tryi
[63] 2MAD_L K=3_1 c2= c1= n=123 err=The input data incorrect. Maybe its just missing file? (tryi
[64] 5OOM_s K=3_1 c2= c1= n=370 err=The input data incorrect. Maybe its just missing file? (tryi
[65] 3SAX_A K=3_1 c2= c1= n=258 err=The input data incorrect. Maybe its just missing file? (tryi
[66] 6QOE_A K=3_1 c2= c1= n=213 err=The input data incorrect. Maybe its just missing file? (tryi
[67] 3JXF_A K=3_1 c2= c1= n=268 err=The input data incorrect. Maybe its just missing file? (tryi
[68] 6Y74_A K=3_1 c2= c1= n=258 err=The input data incorrect. Maybe its just missing file? (tryi
[69] 5H9U_A K=3_1 c2= c1= n=394 err=The input data incorrect. Maybe its just missing file? (tryi
[70] 3L06_A K=3_1 c2= c1= n=331 err=The input data incorrect. Maybe its just missing file? (tryi
[71] 3C75_L K=3_1 c2= c1= n=124 err=The input data incorrect. Maybe its just missing file? (tryi
[72] 3RZ5_A K=3_1 c2= c1= n=258 err=The input data incorrect. Maybe its just missing file? (tryi
[73] 4KTT_C K=3_1 c2= c1= n=360 err=The input data incorrect. Maybe its just missing file? (tryi
[74] 3MNU_A K=3_1 c2= c1= n=257 err=The input data incorrect. Maybe its just missing file? (tryi
[75] 3CZV_A K=3_1 c2= c1= n=258 err=The input data incorrect. Maybe its just missing file? (tryi
[76] 3ONP_A K=3_1 c2= c1= n=154 err=The input data incorrect. Maybe its just missing file? (tryi
[77] 5MSA_A K=3_1 c2= c1= n=261 err=The input data incorrect. Maybe its just missing file? (tryi
[78] 6YJ3_A K=3_1 c2= c1= n=258 err=The input data incorrect. Maybe its just missing file? (tryi
[79] 5LLG_A K=3_1 c2= c1= n=257 err=The input data incorrect. Maybe its just missing file? (tryi
[80] 4QK1_A K=3_1 c2= c1= n=257 err=The input data incorrect. Maybe its just missing file? (tryi
[81] 5TFX_A K=3_1 c2= c1= n=258 err=The input data incorrect. Maybe its just missing file? (tryi
[82] 3S82_A K=3_1 c2= c1= n=373 err=The input data incorrect. Maybe its just missing file? (tryi
[83] 4HPV_A K=3_1 c2= c1= n=391 err=The input data incorrect. Maybe its just missing file? (tryi
[84] 5O96_A K=3_1 c2= c1= n=242 err=The input data incorrect. Maybe its just missing file? (tryi
[85] 2NNO_A K=3_1 c2= c1= n=259 err=The input data incorrect. Maybe its just missing file? (tryi
[86] 4R5A_A K=3_1 c2= c1= n=259 err=The input data incorrect. Maybe its just missing file? (tryi
[87] 5LLP_A K=3_1 c2= c1= n=260 err=The input data incorrect. Maybe its just missing file? (tryi
[88] 7LOO_A K=3_1 c2= c1= n=379 err=The input data incorrect. Maybe its just missing file? (tryi
[89] 1RG9_A K=3_1 c2= c1= n=383 err=The input data incorrect. Maybe its just missing file? (tryi
[90] 1MXC_A K=3_1 c2= c1= n=377 err=The input data incorrect. Maybe its just missing file? (tryi
[91] 5LLE_A K=3_1 c2= c1= n=257 err=The input data incorrect. Maybe its just missing file? (tryi
[92] 3V5S_A K=3_1 c2= c1= n=289 err=The input data incorrect. Maybe its just missing file? (tryi
[93] 5CO4_A K=3_1 c2= c1= n=152 err=The input data incorrect. Maybe its just missing file? (tryi
[94] 3IBN_A K=3_1 c2= c1= n=258 err=The input data incorrect. Maybe its just missing file? (tryi
[95] 2OBV_A K=3_1 c2= c1= n=384 err=The input data incorrect. Maybe its just missing file? (tryi
[96] 4MDG_A K=3_1 c2= c1= n=258 err=The input data incorrect. Maybe its just missing file? (tryi
[97] 3L4O_C K=3_1 c2= c1= n=124 err=The input data incorrect. Maybe its just missing file? (tryi
[98] 5FLO_A K=3_1 c2= c1= n=258 err=The input data incorrect. Maybe its just missing file? (tryi
[99] 7OCK_B K=3_1 c2= c1= n=384 err=The input data incorrect. Maybe its just missing file? (tryi
[100] 5DOG_A K=3_1 c2= c1= n=257 err=The input data incorrect. Maybe its just missing file? (tryi
[101] 3KNU_A K=3_1 c2= c1= n=192 err=The input data incorrect. Maybe its just missing file? (tryi
[102] 4YQD_A K=3_1 c2= c1= n=244 err=The input data incorrect. Maybe its just missing file? (tryi
[103] 3GZ0_A K=3_1 c2= c1= n=257 err=The input data incorrect. Maybe its just missing file? (tryi
[104] 6H36_A K=3_1 c2= c1= n=259 err=The input data incorrect. Maybe its just missing file? (tryi
[105] 6QRD_A K=3_1 c2= c1= n=212 err=The input data incorrect. Maybe its just missing file? (tryi
[106] 5FNM_A K=3_1 c2= c1= n=258 err=The input data incorrect. Maybe its just missing file? (tryi
[107] 5TV3_A K=3_1 c2= c1= n=226 err=The input data incorrect. Maybe its just missing file? (tryi
[108] 1ZE8_A K=3_1 c2= c1= n=258 err=The input data incorrect. Maybe its just missing file? (tryi
[109] 5KZK_A K=3_1 c2= c1= n=257 err=The input data incorrect. Maybe its just missing file? (tryi
[110] 2AGX_D K=3_1 c2= c1= n=108 err=The input data incorrect. Maybe its just missing file? (tryi
[111] 4RG1_A K=3_1 c2= c1= n=285 err=The input data incorrect. Maybe its just missing file? (tryi
[112] 7ONU_F K=3_1 c2= c1= n=276 err=The input data incorrect. Maybe its just missing file? (tryi
[113] 5LLN_A K=3_1 c2= c1= n=259 err=The input data incorrect. Maybe its just missing file? (tryi
[114] 5TH4_A K=3_1 c2= c1= n=257 err=The input data incorrect. Maybe its just missing file? (tryi
[115] 3MHM_A K=3_1 c2= c1= n=257 err=The input data incorrect. Maybe its just missing file? (tryi
[116] 1VHK_A K=3_1 c2= c1= n=231 err=The input data incorrect. Maybe its just missing file? (tryi
[117] 4KTT_D K=3_1 c2= c1= n=380 err=The input data incorrect. Maybe its just missing file? (tryi
[118] 4MDM_A K=3_1 c2= c1= n=258 err=The input data incorrect. Maybe its just missing file? (tryi
[119] 5Y2R_A K=3_1 c2= c1= n=257 err=The input data incorrect. Maybe its just missing file? (tryi
[120] 5LL9_A K=3_1 c2= c1= n=261 err=The input data incorrect. Maybe its just missing file? (tryi
[121] 3RYX_B K=3_1 c2= c1= n=258 err=The input data incorrect. Maybe its just missing file? (tryi
[122] 3N4J_A K=3_1 c2= c1= n=161 err=The input data incorrect. Maybe its just missing file? (tryi
[123] 5TWJ_A K=3_1 c2= c1= n=157 err=The input data incorrect. Maybe its just missing file? (tryi
[124] 3E5Y_A K=3_1 c2= c1= n=156 err=The input data incorrect. Maybe its just missing file? (tryi
[125] 3RYJ_B K=3_1 c2= c1= n=257 err=The input data incorrect. Maybe its just missing file? (tryi
[126] 3M67_A K=3_1 c2= c1= n=257 err=The input data incorrect. Maybe its just missing file? (tryi
[127] 1O6D_A K=3_1 c2= c1= n=147 err=The input data incorrect. Maybe its just missing file? (tryi
[128] 4FL7_A K=3_1 c2= c1= n=257 err=The input data incorrect. Maybe its just missing file? (tryi
[129] 3KON_A K=3_1 c2= c1= n=258 err=The input data incorrect. Maybe its just missing file? (tryi
[130] 5NFJ_A K=3_1 c2= c1= n=178 err=The input data incorrect. Maybe its just missing file? (tryi
[131] 5GMN_A K=3_1 c2= c1= n=257 err=The input data incorrect. Maybe its just missing file? (tryi
[132] 3M96_A K=3_1 c2= c1= n=257 err=The input data incorrect. Maybe its just missing file? (tryi
[133] 5DSQ_A K=3_1 c2= c1= n=257 err=The input data incorrect. Maybe its just missing file? (tryi
[134] 3ML5_A K=3_1 c2= c1= n=262 err=The input data incorrect. Maybe its just missing file? (tryi
[135] 7NG1_A K=3_1 c2= c1= n=277 err=The input data incorrect. Maybe its just missing file? (tryi
[136] 5NXG_A K=3_1 c2= c1= n=257 err=The input data incorrect. Maybe its just missing file? (tryi
[137] 5G0B_A K=3_1 c2= c1= n=257 err=The input data incorrect. Maybe its just missing file? (tryi
[138] 5WLR_A K=3_1 c2= c1= n=257 err=The input data incorrect. Maybe its just missing file? (tryi
[139] 5Y2S_A K=3_1 c2= c1= n=257 err=The input data incorrect. Maybe its just missing file? (tryi
[140] 6QNL_A K=3_1 c2= c1= n=253 err=The input data incorrect. Maybe its just missing file? (tryi
[141] 3RZ7_A K=3_1 c2= c1= n=257 err=The input data incorrect. Maybe its just missing file? (tryi
[142] 5EKM_A K=3_1 c2= c1= n=257 err=The input data incorrect. Maybe its just missing file? (tryi
[143] 6RG4_A K=3_1 c2= c1= n=258 err=The input data incorrect. Maybe its just missing file? (tryi
[144] 6RXZ_CN K=3_1 c2= c1= n=226 err=The input data incorrect. Maybe its just missing file? (tryi
[145] 5KU6_A K=3_1 c2= c1= n=244 err=The input data incorrect. Maybe its just missing file? (tryi
[146] 2EU2_A K=3_1 c2= c1= n=257 err=The input data incorrect. Maybe its just missing file? (tryi
[147] 5UGH_A K=3_1 c2= c1= n=369 err=The input data incorrect. Maybe its just missing file? (tryi
[148] 6RQQ_A K=3_1 c2= c1= n=256 err=The input data incorrect. Maybe its just missing file? (tryi
[149] 4KP8_A K=3_1 c2= c1= n=261 err=The input data incorrect. Maybe its just missing file? (tryi
[150] 2WD3_A K=3_1 c2= c1= n=257 err=The input data incorrect. Maybe its just missing file? (tryi
[151] 3BET_A K=3_1 c2= c1= n=258 err=The input data incorrect. Maybe its just missing file? (tryi
[152] 3ZNC_A K=3_1 c2= c1= n=236 err=The input data incorrect. Maybe its just missing file? (tryi
[153] 5TY1_A K=3_1 c2= c1= n=258 err=The input data incorrect. Maybe its just missing file? (tryi
[154] 5THJ_A K=3_1 c2= c1= n=257 err=The input data incorrect. Maybe its just missing file? (tryi
[155] 1HVA_A K=3_1 c2= c1= n=255 err=The input data incorrect. Maybe its just missing file? (tryi
[156] 5SZ2_A K=3_1 c2= c1= n=257 err=The input data incorrect. Maybe its just missing file? (tryi
[157] 4ITP_A K=3_1 c2= c1= n=257 err=The input data incorrect. Maybe its just missing file? (tryi
[158] 5TT8_A K=3_1 c2= c1= n=201 err=The input data incorrect. Maybe its just missing file? (tryi
[159] 4YVG_A K=3_1 c2= c1= n=239 err=The input data incorrect. Maybe its just missing file? (tryi
[160] 6D1L_A K=3_1 c2= c1= n=259 err=The input data incorrect. Maybe its just missing file? (tryi
[161] 5YUJ_A K=3_1 c2= c1= n=257 err=The input data incorrect. Maybe its just missing file? (tryi
[162] 4YPX_A K=3_1 c2= c1= n=239 err=The input data incorrect. Maybe its just missing file? (tryi
[163] 1TO0_A K=3_1 c2= c1= n=142 err=The input data incorrect. Maybe its just missing file? (tryi
[164] 5GM8_A K=3_1 c2= c1= n=170 err=The input data incorrect. Maybe its just missing file? (tryi
[165] 1FQM_A K=3_1 c2= c1= n=256 err=The input data incorrect. Maybe its just missing file? (tryi
[166] 2CBE_A K=3_1 c2= c1= n=258 err=The input data incorrect. Maybe its just missing file? (tryi
[167] 3S73_B K=3_1 c2= c1= n=257 err=The input data incorrect. Maybe its just missing file? (tryi
[168] 1MG2_B K=3_1 c2= c1= n=124 err=The input data incorrect. Maybe its just missing file? (tryi
[169] 4TWM_A K=3_1 c2= c1= n=239 err=The input data incorrect. Maybe its just missing file? (tryi
[170] 2V3K_A K=3_1 c2= c1= n=213 err=The input data incorrect. Maybe its just missing file? (tryi
[171] 6R6Y_A K=3_1 c2= c1= n=261 err=The input data incorrect. Maybe its just missing file? (tryi
[172] 6QQY_A K=3_1 c2= c1= n=216 err=The input data incorrect. Maybe its just missing file? (tryi
[173] 1CNH_A K=3_1 c2= c1= n=257 err=The input data incorrect. Maybe its just missing file? (tryi
[174] 3OIN_A K=3_1 c2= c1= n=216 err=The input data incorrect. Maybe its just missing file? (tryi
[175] 2EZ7_A K=3_1 c2= c1= n=258 err=The input data incorrect. Maybe its just missing file? (tryi
[176] 4NDN_D K=3_1 c2= c1= n=382 err=The input data incorrect. Maybe its just missing file? (tryi
[177] 1X7P_A K=3_1 c2= c1= n=265 err=The input data incorrect. Maybe its just missing file? (tryi
[178] 5GMB_A K=3_1 c2= c1= n=171 err=The input data incorrect. Maybe its just missing file? (tryi
[179] 5M78_A K=3_1 c2= c1= n=259 err=The input data incorrect. Maybe its just missing file? (tryi
[180] 5SZ5_A K=3_1 c2= c1= n=257 err=The input data incorrect. Maybe its just missing file? (tryi
[181] 5T8S_A K=3_1 c2= c1= n=388 err=The input data incorrect. Maybe its just missing file? (tryi
[182] 4KAP_A K=3_1 c2= c1= n=258 err=The input data incorrect. Maybe its just missing file? (tryi
[183] 2HKR_D K=3_1 c2= c1= n=0 err=[Errno 2] No such file or directory: '/lenovofs1/home/jyma/P
[184] 3IBL_A K=3_1 c2= c1= n=258 err=The input data incorrect. Maybe its just missing file? (tryi
[185] 6JOF_A K=3_1 c2= c1= n=206 err=The input data incorrect. Maybe its just missing file? (tryi
[186] 3M5D_A K=3_1 c2= c1= n=332 err=The input data incorrect. Maybe its just missing file? (tryi
[187] 6RXX_CN K=3_1 c2= c1= n=226 err=The input data incorrect. Maybe its just missing file? (tryi
[188] 6QQQ_A K=3_1 c2= c1= n=211 err=The input data incorrect. Maybe its just missing file? (tryi
[189] 5OQL_e K=3_1 c2= c1= n=215 err=The input data incorrect. Maybe its just missing file? (tryi
[190] 2J57_K K=3_1 c2= c1= n=124 err=The input data incorrect. Maybe its just missing file? (tryi
[191] 1MG3_B K=3_1 c2= c1= n=124 err=The input data incorrect. Maybe its just missing file? (tryi
[192] 4CNE_B K=3_1 c2= c1= n=164 err=The input data incorrect. Maybe its just missing file? (tryi
[193] 1QM4_A K=3_1 c2= c1= n=368 err=The input data incorrect. Maybe its just missing file? (tryi
[194] 6QR2_A K=3_1 c2= c1= n=213 err=The input data incorrect. Maybe its just missing file? (tryi
[195] 6QRE_A K=3_1 c2= c1= n=211 err=The input data incorrect. Maybe its just missing file? (tryi
[196] 5FL5_A K=3_1 c2= c1= n=251 err=The input data incorrect. Maybe its just missing file? (tryi
[197] 5FAI_A K=3_1 c2= c1= n=209 err=The input data incorrect. Maybe its just missing file? (tryi
[198] 6B00_A K=3_1 c2= c1= n=263 err=The input data incorrect. Maybe its just missing file? (tryi
[199] 1UAL_A K=3_1 c2= c1= n=243 err=The input data incorrect. Maybe its just missing file? (tryi
[200] 3V2J_A K=3_1 c2= c1= n=257 err=The input data incorrect. Maybe its just missing file? (tryi
[201] 2O9B_A K=4_1 c2= c1= n=315 err=The input data incorrect. Maybe its just missing file? (tryi
[202] 2O9C_A K=4_1 c2= c1= n=319 err=The input data incorrect. Maybe its just missing file? (tryi
[203] 2OOL_A K=4_1 c2= c1= n=304 err=The input data incorrect. Maybe its just missing file? (tryi
[204] 3C2W_A K=4_1 c2= c1= n=478 err=The input data incorrect. Maybe its just missing file? (tryi
[205] 3G6O_A K=4_1 c2= c1= n=457 err=The input data incorrect. Maybe its just missing file? (tryi
[206] 3IBR_A K=4_1 c2= c1= n=446 err=The input data incorrect. Maybe its just missing file? (tryi
[207] 3NHQ_A K=4_1 c2= c1= n=479 err=The input data incorrect. Maybe its just missing file? (tryi
[208] 3NOP_C K=4_1 c2= c1= n=483 err=The input data incorrect. Maybe its just missing file? (tryi
[209] 3NOT_C K=4_1 c2= c1= n=483 err=The input data incorrect. Maybe its just missing file? (tryi
[210] 3NOU_C K=4_1 c2= c1= n=483 err=The input data incorrect. Maybe its just missing file? (tryi
[211] 3S7N_A K=4_1 c2= c1= n=313 err=The input data incorrect. Maybe its just missing file? (tryi
[212] 3S7O_A K=4_1 c2= c1= n=315 err=The input data incorrect. Maybe its just missing file? (tryi
[213] 3S7P_A K=4_1 c2= c1= n=315 err=The input data incorrect. Maybe its just missing file? (tryi
[214] 3S7Q_A K=4_1 c2= c1= n=310 err=The input data incorrect. Maybe its just missing file? (tryi
[215] 3ZQ5_A K=4_1 c2= c1= n=517 err=The input data incorrect. Maybe its just missing file? (tryi
[216] 4CQH_A K=4_1 c2= c1= n=306 err=The input data incorrect. Maybe its just missing file? (tryi
[217] 4E04_A K=4_1 c2= c1= n=308 err=The input data incorrect. Maybe its just missing file? (tryi
[218] 4IJG_A K=4_1 c2= c1= n=311 err=The input data incorrect. Maybe its just missing file? (tryi
[219] 4O01_A K=4_1 c2= c1= n=483 err=The input data incorrect. Maybe its just missing file? (tryi
[220] 4O01_B K=4_1 c2= c1= n=486 err=The input data incorrect. Maybe its just missing file? (tryi
[221] 4O01_C K=4_1 c2= c1= n=483 err=The input data incorrect. Maybe its just missing file? (tryi
[222] 4O01_D K=4_1 c2= c1= n=482 err=The input data incorrect. Maybe its just missing file? (tryi
[223] 4O0P_A K=4_1 c2= c1= n=485 err=The input data incorrect. Maybe its just missing file? (tryi
[224] 4O0P_B K=4_1 c2= c1= n=484 err=The input data incorrect. Maybe its just missing file? (tryi
[225] 4O8G_A K=4_1 c2= c1= n=311 err=The input data incorrect. Maybe its just missing file? (tryi
[226] 4Q0H_A K=4_1 c2= c1= n=321 err=The input data incorrect. Maybe its just missing file? (tryi
[227] 4Q0I_A K=4_1 c2= c1= n=315 err=The input data incorrect. Maybe its just missing file? (tryi
[228] 4Q0J_A K=4_1 c2= c1= n=495 err=The input data incorrect. Maybe its just missing file? (tryi
[229] 4R6L_A K=4_1 c2= c1= n=473 err=The input data incorrect. Maybe its just missing file? (tryi
[230] 4RQ9_A K=4_1 c2= c1= n=304 err=The input data incorrect. Maybe its just missing file? (tryi
[231] 4XTQ_A K=4_1 c2= c1= n=303 err=The input data incorrect. Maybe its just missing file? (tryi
[232] 4Y3I_A K=4_1 c2= c1= n=319 err=The input data incorrect. Maybe its just missing file? (tryi
[233] 4Y5F_A K=4_1 c2= c1= n=319 err=The input data incorrect. Maybe its just missing file? (tryi
[234] 4Z1W_A K=4_1 c2= c1= n=313 err=The input data incorrect. Maybe its just missing file? (tryi
[235] 4ZRR_A K=4_1 c2= c1= n=310 err=The input data incorrect. Maybe its just missing file? (tryi
[236] 5C5K_A K=4_1 c2= c1= n=490 err=The input data incorrect. Maybe its just missing file? (tryi
[237] 5HSQ_A K=4_1 c2= c1= n=488 err=The input data incorrect. Maybe its just missing file? (tryi
[238] 5I5L_A K=4_1 c2= c1= n=480 err=The input data incorrect. Maybe its just missing file? (tryi
[239] 5K5B_A K=4_1 c2= c1= n=305 err=The input data incorrect. Maybe its just missing file? (tryi
[240] 5L8M_A K=4_1 c2= c1= n=305 err=The input data incorrect. Maybe its just missing file? (tryi
[241] 5LBR_A K=4_1 c2= c1= n=304 err=The input data incorrect. Maybe its just missing file? (tryi
[242] 5MG0_A K=4_1 c2= c1= n=322 err=The input data incorrect. Maybe its just missing file? (tryi
[243] 5NFX_A K=4_1 c2= c1= n=305 err=The input data incorrect. Maybe its just missing file? (tryi
[244] 5NM3_A K=4_1 c2= c1= n=492 err=The input data incorrect. Maybe its just missing file? (tryi
[245] 5NWN_A K=4_1 c2= c1= n=478 err=The input data incorrect. Maybe its just missing file? (tryi
[246] 5VIK_A K=4_1 c2= c1= n=296 err=The input data incorrect. Maybe its just missing file? (tryi
[247] 5VIQ_A K=4_1 c2= c1= n=296 err=The input data incorrect. Maybe its just missing file? (tryi
[248] 5VIV_A K=4_1 c2= c1= n=300 err=The input data incorrect. Maybe its just missing file? (tryi
[249] 6BAF_A K=4_1 c2= c1= n=303 err=The input data incorrect. Maybe its just missing file? (tryi
[250] 6BAK_A K=4_1 c2= c1= n=303 err=The input data incorrect. Maybe its just missing file? (tryi
[251] 6BAO_A K=4_1 c2= c1= n=503 err=The input data incorrect. Maybe its just missing file? (tryi
[252] 6BAP_A K=4_1 c2= c1= n=505 err=The input data incorrect. Maybe its just missing file? (tryi
[253] 6BAY_A K=4_1 c2= c1= n=505 err=The input data incorrect. Maybe its just missing file? (tryi
[254] 6FHT_A K=4_1 c2= c1= n=730 err=The input data incorrect. Maybe its just missing file? (tryi
[255] 6PTQ_A K=4_1 c2= c1= n=482 err=The input data incorrect. Maybe its just missing file? (tryi
[256] 6PTX_A K=4_1 c2= c1= n=481 err=The input data incorrect. Maybe its just missing file? (tryi
[257] 6PU2_A K=4_1 c2= c1= n=481 err=The input data incorrect. Maybe its just missing file? (tryi
[258] 1UCH_A K=5_2 c2= c1= n=206 err=The input data incorrect. Maybe its just missing file? (tryi
[259] 1XD3_A K=5_2 c2= c1= n=229 err=The input data incorrect. Maybe its just missing file? (tryi
[260] 2ETL_A K=5_2 c2= c1= n=223 err=The input data incorrect. Maybe its just missing file? (tryi
[261] 2LEN_A K=5_2 c2= c1= n=231 err=The input data incorrect. Maybe its just missing file? (tryi
[262] 2WDT_A K=5_2 c2= c1= n=204 err=The input data incorrect. Maybe its just missing file? (tryi
[263] 2WE6_A K=5_2 c2= c1= n=208 err=The input data incorrect. Maybe its just missing file? (tryi
[264] 3IFW_A K=5_2 c2= c1= n=223 err=The input data incorrect. Maybe its just missing file? (tryi
[265] 3IRT_A K=5_2 c2= c1= n=223 err=The input data incorrect. Maybe its just missing file? (tryi
[266] 3KVF_A K=5_2 c2= c1= n=223 err=The input data incorrect. Maybe its just missing file? (tryi
[267] 3KW5_A K=5_2 c2= c1= n=223 err=The input data incorrect. Maybe its just missing file? (tryi
[268] 3RII_A K=5_2 c2= c1= n=209 err=The input data incorrect. Maybe its just missing file? (tryi
[269] 3RIS_A K=5_2 c2= c1= n=227 err=The input data incorrect. Maybe its just missing file? (tryi
[270] 4DM9_A K=5_2 c2= c1= n=223 err=The input data incorrect. Maybe its just missing file? (tryi
[271] 4I6N_A K=5_2 c2= c1= n=215 err=The input data incorrect. Maybe its just missing file? (tryi
[272] 4JKJ_A K=5_2 c2= c1= n=223 err=The input data incorrect. Maybe its just missing file? (tryi
[273] 4JKJ_B K=5_2 c2= c1= n=223 err=The input data incorrect. Maybe its just missing file? (tryi
[274] 4UEL_A K=5_2 c2= c1= n=302 err=The input data incorrect. Maybe its just missing file? (tryi
[275] 4UEM_A K=5_2 c2= c1= n=281 err=The input data incorrect. Maybe its just missing file? (tryi
[276] 4UF5_A K=5_2 c2= c1= n=293 err=The input data incorrect. Maybe its just missing file? (tryi
[277] 4UF6_A K=5_2 c2= c1= n=292 err=The input data incorrect. Maybe its just missing file? (tryi
[278] 4WLP_A K=5_2 c2= c1= n=296 err=The input data incorrect. Maybe its just missing file? (tryi
[279] 4WLQ_A K=5_2 c2= c1= n=292 err=The input data incorrect. Maybe its just missing file? (tryi
[280] 4WLR_A K=5_2 c2= c1= n=296 err=The input data incorrect. Maybe its just missing file? (tryi
[281] 3WJ8_A K=6_1 c2= c1= n=298 err=The input data incorrect. Maybe its just missing file? (tryi
[282] 4N2X_A K=6_1 c2= c1= n=298 err=The input data incorrect. Maybe its just missing file? (tryi
[p507] DONE 282 chains
[p507] DONE 2026-09-27T16:47:31Z
