[1] 6GOT_A K=3_1 c2=3_1 c1=INT_31 n=257 err=
[2] 6RXY_CN K=3_1 c2=3_1 c1=INT_31 n=226 err=
[3] 2VVB_X K=3_1 c2=3_1 c1=INT_31 n=258 err=
[4] 3PO6_A K=3_1 c2=3_1 c1=INT_31 n=258 err=
[5] 6QOW_A K=3_1 c2=3_1 c1=INT_31 n=213 err=
[6] 1URT_A K=3_1 c2=3_1 c1=INT_31 n=237 err=
[7] 3AXZ_A K=3_1 c2=3_1 c1=INT_31 n=241 err=
[8] 4PYX_A K=3_1 c2=3_1 c1=INT_31 n=257 err=
[9] 6HR3_A K=3_1 c2=3_1 c1=INT_31 n=257 err=
[10] 2EGW_A K=3_1 c2=3_1 c1=INT_31 n=229 err=
[11] 4E8B_A K=3_1 c2=3_1 c1=INT_31 n=242 err=
[12] 6KM1_A K=3_1 c2=3_1 c1=INT_31 n=257 err=
[13] 6UGN_A K=3_1 c2=3_1 c1=INT_31 n=257 err=
[14] 4NDN_A K=3_1 c2=3_1 c1=INT_31 n=362 err=
[15] 2AGL_D K=3_1 c2=0_1 c1= n=108 err=leading zeros in decimal integer literals are not permitted;
[16] 2NXT_A K=3_1 c2=3_1 c1=INT_31 n=258 err=
[17] 2ZNC_A K=3_1 c2=3_1 c1=INT_31 n=235 err=
[18] 1G0F_A K=3_1 c2=3_1 c1=INT_31 n=258 err=
[19] 2W2J_A K=3_1 c2=3_1 c1=INT_31 n=268 err=
[20] 2HJ4_D K=3_1 c2=0_1 c1= n=108 err=leading zeros in decimal integer literals are not permitted;
[21] 1UAM_A K=3_1 c2=3_1 c1=INT_31 n=250 err=
[22] 2IUP_D K=3_1 c2=0_1 c1= n=108 err=leading zeros in decimal integer literals are not permitted;
[23] 3IBU_A K=3_1 c2=3_1 c1=INT_31 n=258 err=
[24] 5IFE_D K=3_1 c2=3_1 c1=INT_31 n=89 err=
[25] 6GAW_Ba K=3_1 c2=3_1 c1=INT_31 n=393 err=
[26] 2AH1_D K=3_1 c2=0_1 c1= n=109 err=leading zeros in decimal integer literals are not permitted;
[27] 4YVH_A K=3_1 c2=3_1 c1=INT_31 n=240 err=
[28] 3KKX_A K=3_1 c2=3_1 c1=INT_31 n=258 err=
[29] 5U0F_A K=3_1 c2=3_1 c1=INT_31 n=258 err=
[30] 4YGN_A K=3_1 c2=3_1 c1=INT_31 n=257 err=
[31] 6GAW_Bw K=3_1 c2=3_1 c1=INT_31 n=387 err=
[32] 5SYB_A K=3_1 c2=3_1 c1=INT_31 n=90 err=
[33] 5JIR_A K=3_1 c2=3_1 c1=INT_31 n=413 err=
[34] 6AFK_A K=3_1 c2=3_1 c1=INT_31 n=237 err=
[35] 5L6K_A K=3_1 c2=3_1 c1=INT_31 n=259 err=
[36] 4YWP_A K=3_1 c2=3_1 c1=INT_31 n=257 err=
[37] 6OTI_A K=3_1 c2=3_1 c1=INT_31 n=257 err=
[38] 2BBK_L K=3_1 c2=0_1 c1= n=124 err=leading zeros in decimal integer literals are not permitted;
[39] 1MXI_A K=3_1 c2=3_1 c1=INT_31 n=156 err=
[40] 4Z1E_A K=3_1 c2=3_1 c1=INT_31 n=259 err=
[41] 5O9Z_y K=3_1 c2=3_1 c1=INT_31 n=89 err=
[42] 5ZD5_D K=3_1 c2=3_1 c1=INT_31 n=85 err=
[43] 1XRB_A K=3_1 c2=3_1 c1=INT_31 n=368 err=
[44] 4R59_A K=3_1 c2=3_1 c1=INT_31 n=258 err=
[45] 5NXV_A K=3_1 c2=3_1 c1=INT_31 n=258 err=
[46] 4YVJ_A K=3_1 c2=3_1 c1=INT_31 n=239 err=
[47] 5WYR_A K=3_1 c2=3_1 c1=INT_31 n=242 err=
[48] 6EMU_A K=3_1 c2=3_1 c1=INT_31 n=170 err=
[49] 1O90_A K=3_1 c2=3_1 c1=INT_31 n=368 err=
[50] 3F7B_A K=3_1 c2=3_1 c1=INT_31 n=242 err=
[51] 2IAA_B K=3_1 c2=0_1 c1= n=112 err=leading zeros in decimal integer literals are not permitted;
[52] 7MU3_A K=3_1 c2=3_1 c1=INT_31 n=259 err=
[53] 3M4N_A K=3_1 c2=3_1 c1=INT_31 n=332 err=
[54] 5IPZ_A K=3_1 c2=3_1 c1=INT_31 n=261 err=
[55] 2YY8_A K=3_1 c2=3_1 c1=INT_31 n=174 err=
[56] 3S76_A K=3_1 c2=3_1 c1=INT_31 n=257 err=
[57] 2GC4_B K=3_1 c2=0_1 c1= n=124 err=leading zeros in decimal integer literals are not permitted;
[58] 2AX2_A K=3_1 c2=3_1 c1=INT_31 n=258 err=
[59] 3TDE_A K=3_1 c2=3_1 c1=INT_31 n=369 err=
[60] 3M1Q_A K=3_1 c2=3_1 c1=INT_31 n=257 err=
[61] 3L05_A K=3_1 c2=3_1 c1=INT_31 n=331 err=
[62] 4CNF_B K=3_1 c2=3_1 c1=INT_31 n=151 err=
[63] 2MAD_L K=3_1 c2=0_1 c1= n=123 err=leading zeros in decimal integer literals are not permitted;
[64] 5OOM_s K=3_1 c2=3_1 c1=INT_31 n=370 err=
[65] 3SAX_A K=3_1 c2=3_1 c1=INT_31 n=258 err=
[66] 6QOE_A K=3_1 c2=3_1 c1=INT_31 n=213 err=
[67] 3JXF_A K=3_1 c2=3_1 c1=INT_31 n=268 err=
[68] 6Y74_A K=3_1 c2=3_1 c1=INT_31 n=258 err=
[69] 5H9U_A K=3_1 c2=3_1 c1=INT_31 n=394 err=
[70] 3L06_A K=3_1 c2=3_1 c1=INT_31 n=331 err=
[71] 3C75_L K=3_1 c2=0_1 c1= n=124 err=leading zeros in decimal integer literals are not permitted;
[72] 3RZ5_A K=3_1 c2=3_1 c1=INT_31 n=258 err=
[73] 4KTT_C K=3_1 c2=3_1 c1=INT_31 n=360 err=
[74] 3MNU_A K=3_1 c2=3_1 c1=INT_31 n=257 err=
[75] 3CZV_A K=3_1 c2=3_1 c1=INT_31 n=258 err=
[76] 3ONP_A K=3_1 c2=3_1 c1=INT_31 n=154 err=
[77] 5MSA_A K=3_1 c2=3_1 c1=INT_31 n=261 err=
[78] 6YJ3_A K=3_1 c2=3_1 c1=INT_31 n=258 err=
[79] 5LLG_A K=3_1 c2=3_1 c1=INT_31 n=257 err=
[80] 4QK1_A K=3_1 c2=3_1 c1=INT_31 n=257 err=
[81] 5TFX_A K=3_1 c2=3_1 c1=INT_31 n=258 err=
[82] 3S82_A K=3_1 c2=3_1 c1=INT_31 n=373 err=
[83] 4HPV_A K=3_1 c2=3_1 c1=INT_31 n=391 err=
[84] 5O96_A K=3_1 c2=3_1 c1=INT_31 n=242 err=
[85] 2NNO_A K=3_1 c2=3_1 c1=INT_31 n=259 err=
[86] 4R5A_A K=3_1 c2=3_1 c1=INT_31 n=259 err=
[87] 5LLP_A K=3_1 c2=3_1 c1=INT_31 n=260 err=
[88] 7LOO_A K=3_1 c2=3_1 c1=INT_31 n=379 err=
[89] 1RG9_A K=3_1 c2=3_1 c1=INT_31 n=383 err=
[90] 1MXC_A K=3_1 c2=3_1 c1=INT_31 n=377 err=
[91] 5LLE_A K=3_1 c2=3_1 c1=INT_31 n=257 err=
[92] 3V5S_A K=3_1 c2=3_1 c1=INT_31 n=289 err=
[93] 5CO4_A K=3_1 c2=3_1 c1=INT_31 n=152 err=
[94] 3IBN_A K=3_1 c2=3_1 c1=INT_31 n=258 err=
[95] 2OBV_A K=3_1 c2=3_1 c1=INT_31 n=384 err=
[96] 4MDG_A K=3_1 c2=3_1 c1=INT_31 n=258 err=
[97] 3L4O_C K=3_1 c2=0_1 c1= n=124 err=leading zeros in decimal integer literals are not permitted;
[98] 5FLO_A K=3_1 c2=3_1 c1=INT_31 n=258 err=
[99] 7OCK_B K=3_1 c2=3_1 c1=INT_31 n=384 err=
[100] 5DOG_A K=3_1 c2=3_1 c1=INT_31 n=257 err=
[101] 3KNU_A K=3_1 c2=3_1 c1=INT_31 n=192 err=
[102] 4YQD_A K=3_1 c2=3_1 c1=INT_31 n=244 err=
[103] 3GZ0_A K=3_1 c2=3_1 c1=INT_31 n=257 err=
[104] 6H36_A K=3_1 c2=3_1 c1=INT_31 n=259 err=
[105] 6QRD_A K=3_1 c2=3_1 c1=INT_31 n=212 err=
[106] 5FNM_A K=3_1 c2=3_1 c1=INT_31 n=258 err=
[107] 5TV3_A K=3_1 c2=3_1 c1=INT_31 n=226 err=
[108] 1ZE8_A K=3_1 c2=3_1 c1=INT_31 n=258 err=
[109] 5KZK_A K=3_1 c2=3_1 c1=INT_31 n=257 err=
[110] 2AGX_D K=3_1 c2=0_1 c1= n=108 err=leading zeros in decimal integer literals are not permitted;
[111] 4RG1_A K=3_1 c2=3_1 c1=INT_31 n=285 err=
[112] 7ONU_F K=3_1 c2=3_1 c1=INT_31 n=276 err=
[113] 5LLN_A K=3_1 c2=3_1 c1=INT_31 n=259 err=
[114] 5TH4_A K=3_1 c2=3_1 c1=INT_31 n=257 err=
[115] 3MHM_A K=3_1 c2=3_1 c1=INT_31 n=257 err=
[116] 1VHK_A K=3_1 c2=3_1 c1=INT_31 n=231 err=
[117] 4KTT_D K=3_1 c2=3_1 c1=INT_31 n=380 err=
[118] 4MDM_A K=3_1 c2=3_1 c1=INT_31 n=258 err=
[119] 5Y2R_A K=3_1 c2=3_1 c1=INT_31 n=257 err=
[120] 5LL9_A K=3_1 c2=3_1 c1=INT_31 n=261 err=
[121] 3RYX_B K=3_1 c2=3_1 c1=INT_31 n=258 err=
[122] 3N4J_A K=3_1 c2=3_1 c1=INT_31 n=161 err=
[123] 5TWJ_A K=3_1 c2=3_1 c1=INT_31 n=157 err=
[124] 3E5Y_A K=3_1 c2=3_1 c1=INT_31 n=156 err=
[125] 3RYJ_B K=3_1 c2=3_1 c1=INT_31 n=257 err=
[126] 3M67_A K=3_1 c2=3_1 c1=INT_31 n=257 err=
[127] 1O6D_A K=3_1 c2=3_1 c1=INT_31 n=147 err=
[128] 4FL7_A K=3_1 c2=3_1 c1=INT_31 n=257 err=
[129] 3KON_A K=3_1 c2=3_1 c1=INT_31 n=258 err=
[130] 5NFJ_A K=3_1 c2=3_1 c1=INT_31 n=178 err=
[131] 5GMN_A K=3_1 c2=3_1 c1=INT_31 n=257 err=
[132] 3M96_A K=3_1 c2=3_1 c1=INT_31 n=257 err=
[133] 5DSQ_A K=3_1 c2=3_1 c1=INT_31 n=257 err=
[134] 3ML5_A K=3_1 c2=3_1 c1=INT_31 n=262 err=
[135] 7NG1_A K=3_1 c2=3_1 c1=INT_31 n=277 err=
[136] 5NXG_A K=3_1 c2=3_1 c1=INT_31 n=257 err=
[137] 5G0B_A K=3_1 c2=3_1 c1=INT_31 n=257 err=
[138] 5WLR_A K=3_1 c2=3_1 c1=INT_31 n=257 err=
[139] 5Y2S_A K=3_1 c2=3_1 c1=INT_31 n=257 err=
[140] 6QNL_A K=3_1 c2=3_1 c1=INT_31 n=253 err=
[141] 3RZ7_A K=3_1 c2=3_1 c1=INT_31 n=257 err=
[142] 5EKM_A K=3_1 c2=3_1 c1=INT_31 n=257 err=
[143] 6RG4_A K=3_1 c2=3_1 c1=INT_31 n=258 err=
[144] 6RXZ_CN K=3_1 c2=3_1 c1=INT_31 n=226 err=
[145] 5KU6_A K=3_1 c2=3_1 c1=INT_31 n=244 err=
[146] 2EU2_A K=3_1 c2=3_1 c1=INT_31 n=257 err=
[147] 5UGH_A K=3_1 c2=3_1 c1=INT_31 n=369 err=
[148] 6RQQ_A K=3_1 c2=3_1 c1=INT_31 n=256 err=
[149] 4KP8_A K=3_1 c2=3_1 c1=INT_31 n=261 err=
[150] 2WD3_A K=3_1 c2=3_1 c1=INT_31 n=257 err=
[151] 3BET_A K=3_1 c2=3_1 c1=INT_31 n=258 err=
[152] 3ZNC_A K=3_1 c2=3_1 c1=INT_31 n=236 err=
[153] 5TY1_A K=3_1 c2=3_1 c1=INT_31 n=258 err=
[154] 5THJ_A K=3_1 c2=3_1 c1=INT_31 n=257 err=
[155] 1HVA_A K=3_1 c2=3_1 c1=INT_31 n=255 err=
[156] 5SZ2_A K=3_1 c2=3_1 c1=INT_31 n=257 err=
[157] 4ITP_A K=3_1 c2=3_1 c1=INT_31 n=257 err=
[158] 5TT8_A K=3_1 c2=3_1 c1=INT_31 n=201 err=
[159] 4YVG_A K=3_1 c2=3_1 c1=INT_31 n=239 err=
[160] 6D1L_A K=3_1 c2=3_1 c1=INT_31 n=259 err=
[161] 5YUJ_A K=3_1 c2=3_1 c1=INT_31 n=257 err=
[162] 4YPX_A K=3_1 c2=3_1 c1=INT_31 n=239 err=
[163] 1TO0_A K=3_1 c2=3_1 c1=INT_31 n=142 err=
[164] 5GM8_A K=3_1 c2=3_1 c1=INT_31 n=170 err=
[165] 1FQM_A K=3_1 c2=3_1 c1=INT_31 n=256 err=
[166] 2CBE_A K=3_1 c2=3_1 c1=INT_31 n=258 err=
[167] 3S73_B K=3_1 c2=3_1 c1=INT_31 n=257 err=
[168] 1MG2_B K=3_1 c2=0_1 c1= n=124 err=leading zeros in decimal integer literals are not permitted;
[169] 4TWM_A K=3_1 c2=3_1 c1=INT_31 n=239 err=
[170] 2V3K_A K=3_1 c2=3_1 c1=INT_31 n=213 err=
[171] 6R6Y_A K=3_1 c2=3_1 c1=INT_31 n=261 err=
[172] 6QQY_A K=3_1 c2=3_1 c1=INT_31 n=216 err=
[173] 1CNH_A K=3_1 c2=3_1 c1=INT_31 n=257 err=
[174] 3OIN_A K=3_1 c2=3_1 c1=INT_31 n=216 err=
[175] 2EZ7_A K=3_1 c2=3_1 c1=INT_31 n=258 err=
[176] 4NDN_D K=3_1 c2=3_1 c1=INT_31 n=382 err=
[177] 1X7P_A K=3_1 c2=3_1 c1=INT_31 n=265 err=
[178] 5GMB_A K=3_1 c2=3_1 c1=INT_31 n=171 err=
[179] 5M78_A K=3_1 c2=3_1 c1=INT_31 n=259 err=
[180] 5SZ5_A K=3_1 c2=3_1 c1=INT_31 n=257 err=
[181] 5T8S_A K=3_1 c2=3_1 c1=INT_31 n=388 err=
[182] 4KAP_A K=3_1 c2=3_1 c1=INT_31 n=258 err=
[183] 2HKR_D K=3_1 c2= c1= n=0 err=[Errno 2] No such file or directory: '/lenovofs1/home/jyma/P
[184] 3IBL_A K=3_1 c2=3_1 c1=INT_31 n=258 err=
[185] 6JOF_A K=3_1 c2=3_1 c1=INT_31 n=206 err=
[186] 3M5D_A K=3_1 c2=3_1 c1=INT_31 n=332 err=
[187] 6RXX_CN K=3_1 c2=3_1 c1=INT_31 n=226 err=
[188] 6QQQ_A K=3_1 c2=3_1 c1=INT_31 n=211 err=
[189] 5OQL_e K=3_1 c2=3_1 c1=INT_31 n=215 err=
[190] 2J57_K K=3_1 c2=0_1 c1= n=124 err=leading zeros in decimal integer literals are not permitted;
[191] 1MG3_B K=3_1 c2=0_1 c1= n=124 err=leading zeros in decimal integer literals are not permitted;
[192] 4CNE_B K=3_1 c2=3_1 c1=INT_31 n=164 err=
[193] 1QM4_A K=3_1 c2=3_1 c1=INT_31 n=368 err=
[194] 6QR2_A K=3_1 c2=3_1 c1=INT_31 n=213 err=
[195] 6QRE_A K=3_1 c2=3_1 c1=INT_31 n=211 err=
[196] 5FL5_A K=3_1 c2=3_1 c1=INT_31 n=251 err=
[197] 5FAI_A K=3_1 c2=3_1 c1=INT_31 n=209 err=
[198] 6B00_A K=3_1 c2=3_1 c1=INT_31 n=263 err=
[199] 1UAL_A K=3_1 c2=3_1 c1=INT_31 n=243 err=
[200] 3V2J_A K=3_1 c2=3_1 c1=INT_31 n=257 err=
[201] 2O9B_A K=4_1 c2=4_1 c1=INT_41 n=315 err=
[202] 2O9C_A K=4_1 c2=4_1 c1=INT_41 n=319 err=
[203] 2OOL_A K=4_1 c2=4_1 c1=INT_41 n=304 err=
[204] 3C2W_A K=4_1 c2=4_1 c1=INT_41 n=478 err=
[205] 3G6O_A K=4_1 c2=4_1 c1=INT_41 n=457 err=
[206] 3IBR_A K=4_1 c2=4_1 c1=INT_41 n=446 err=
[207] 3NHQ_A K=4_1 c2=4_1 c1=INT_41 n=479 err=
[208] 3NOP_C K=4_1 c2=4_1 c1=INT_41 n=483 err=
[209] 3NOT_C K=4_1 c2=4_1 c1=INT_41 n=483 err=
[210] 3NOU_C K=4_1 c2=4_1 c1=INT_41 n=483 err=
[211] 3S7N_A K=4_1 c2=4_1 c1=INT_41 n=313 err=
[212] 3S7O_A K=4_1 c2=4_1 c1=INT_41 n=315 err=
[213] 3S7P_A K=4_1 c2=4_1 c1=INT_41 n=315 err=
[214] 3S7Q_A K=4_1 c2=4_1 c1=INT_41 n=310 err=
[215] 3ZQ5_A K=4_1 c2=4_1 c1=INT_41 n=517 err=
[216] 4CQH_A K=4_1 c2=4_1 c1=INT_41 n=306 err=
[217] 4E04_A K=4_1 c2=4_1 c1=INT_41 n=308 err=
[218] 4IJG_A K=4_1 c2=4_1 c1=INT_41 n=311 err=
[219] 4O01_A K=4_1 c2=4_1 c1=INT_41 n=483 err=
[220] 4O01_B K=4_1 c2=4_1 c1=INT_41 n=486 err=
[221] 4O01_C K=4_1 c2=4_1 c1=INT_41 n=483 err=
[222] 4O01_D K=4_1 c2=4_1 c1=INT_41 n=482 err=
[223] 4O0P_A K=4_1 c2=4_1 c1=INT_41 n=485 err=
[224] 4O0P_B K=4_1 c2=4_1 c1=INT_41 n=484 err=
[225] 4O8G_A K=4_1 c2=4_1 c1=INT_41 n=311 err=
[226] 4Q0H_A K=4_1 c2=4_1 c1=INT_41 n=321 err=
[227] 4Q0I_A K=4_1 c2=4_1 c1=INT_41 n=315 err=
[228] 4Q0J_A K=4_1 c2=4_1 c1=INT_41 n=495 err=
[229] 4R6L_A K=4_1 c2=4_1 c1=INT_41 n=473 err=
[230] 4RQ9_A K=4_1 c2=4_1 c1=INT_41 n=304 err=
[231] 4XTQ_A K=4_1 c2=4_1 c1=INT_41 n=303 err=
[232] 4Y3I_A K=4_1 c2=4_1 c1=INT_41 n=319 err=
[233] 4Y5F_A K=4_1 c2=4_1 c1=INT_41 n=319 err=
[234] 4Z1W_A K=4_1 c2=4_1 c1=INT_41 n=313 err=
[235] 4ZRR_A K=4_1 c2=4_1 c1=INT_41 n=310 err=
[236] 5C5K_A K=4_1 c2=4_1 c1=INT_41 n=490 err=
[237] 5HSQ_A K=4_1 c2=4_1 c1=INT_41 n=488 err=
[238] 5I5L_A K=4_1 c2=4_1 c1=INT_41 n=480 err=
[239] 5K5B_A K=4_1 c2=4_1 c1=INT_41 n=305 err=
[240] 5L8M_A K=4_1 c2=4_1 c1=INT_41 n=305 err=
[241] 5LBR_A K=4_1 c2=4_1 c1=INT_41 n=304 err=
[242] 5MG0_A K=4_1 c2=4_1 c1=INT_41 n=322 err=
[243] 5NFX_A K=4_1 c2=4_1 c1=INT_41 n=305 err=
[244] 5NM3_A K=4_1 c2=4_1 c1=INT_41 n=492 err=
[245] 5NWN_A K=4_1 c2=4_1 c1=INT_41 n=478 err=
[246] 5VIK_A K=4_1 c2=4_1 c1=INT_41 n=296 err=
[247] 5VIQ_A K=4_1 c2=4_1 c1=INT_41 n=296 err=
[248] 5VIV_A K=4_1 c2=4_1 c1=INT_41 n=300 err=
[249] 6BAF_A K=4_1 c2=4_1 c1=INT_41 n=303 err=
[250] 6BAK_A K=4_1 c2=4_1 c1=INT_41 n=303 err=
[251] 6BAO_A K=4_1 c2=4_1 c1=INT_41 n=503 err=
[252] 6BAP_A K=4_1 c2=4_1 c1=INT_41 n=505 err=
[253] 6BAY_A K=4_1 c2=4_1 c1=INT_41 n=505 err=
[254] 6FHT_A K=4_1 c2=4_1 c1=INT_41 n=730 err=
[255] 6PTQ_A K=4_1 c2=4_1 c1=INT_41 n=482 err=
[256] 6PTX_A K=4_1 c2=4_1 c1=INT_41 n=481 err=
[257] 6PU2_A K=4_1 c2=4_1 c1=INT_41 n=481 err=
[258] 1UCH_A K=5_2 c2=5_2 c1=INT_52 n=206 err=
[259] 1XD3_A K=5_2 c2=5_2 c1=INT_52 n=229 err=
[260] 2ETL_A K=5_2 c2=5_2 c1=INT_52 n=223 err=
[261] 2LEN_A K=5_2 c2=5_2 c1=INT_52 n=231 err=
[262] 2WDT_A K=5_2 c2=5_2 c1=INT_52 n=204 err=
[263] 2WE6_A K=5_2 c2=5_2 c1=INT_52 n=208 err=
[264] 3IFW_A K=5_2 c2=5_2 c1=INT_52 n=223 err=
[265] 3IRT_A K=5_2 c2=5_2 c1=INT_52 n=223 err=
[266] 3KVF_A K=5_2 c2=5_2 c1=INT_52 n=223 err=
[267] 3KW5_A K=5_2 c2=5_2 c1=INT_52 n=223 err=
[268] 3RII_A K=5_2 c2=5_2 c1=INT_52 n=209 err=
[269] 3RIS_A K=5_2 c2=5_2 c1=INT_52 n=227 err=
[270] 4DM9_A K=5_2 c2=5_2 c1=INT_52 n=223 err=
[271] 4I6N_A K=5_2 c2=0_1 c1= n=215 err=leading zeros in decimal integer literals are not permitted;
[272] 4JKJ_A K=5_2 c2=5_2 c1=INT_52 n=223 err=
[273] 4JKJ_B K=5_2 c2=5_2 c1=INT_52 n=223 err=
[274] 4UEL_A K=5_2 c2=5_2 c1=INT_52 n=302 err=
[275] 4UEM_A K=5_2 c2=5_2 c1=INT_52 n=281 err=
[276] 4UF5_A K=5_2 c2=5_2 c1=INT_52 n=293 err=
[277] 4UF6_A K=5_2 c2=5_2 c1=INT_52 n=292 err=
[278] 4WLP_A K=5_2 c2=5_2 c1=INT_52 n=296 err=
[279] 4WLQ_A K=5_2 c2=5_2 c1=INT_52 n=292 err=
[280] 4WLR_A K=5_2 c2=5_2 c1=INT_52 n=296 err=
[281] 3WJ8_A K=6_1 c2=TMC c1=INT_61 n=298 err=
[282] 4N2X_A K=6_1 c2=6_1 c1=INT_61 n=298 err=
[p507] DONE 282 chains
[p507] DONE 2026-09-27T17:24:06Z
