/lenovofs1/home/jyma/PLM_benchmark/p303_resplit/venv/lib/python3.11/site-packages/sklearn/metrics/_ranking.py:469: UndefinedMetricWarning: Only one class is present in y_true. ROC AUC score is not defined in that case.
  warnings.warn(
/lenovofs1/home/jyma/PLM_benchmark/p303_resplit/venv/lib/python3.11/site-packages/sklearn/metrics/_ranking.py:469: UndefinedMetricWarning: Only one class is present in y_true. ROC AUC score is not defined in that case.
  warnings.warn(
/lenovofs1/home/jyma/PLM_benchmark/p303_resplit/venv/lib/python3.11/site-packages/sklearn/metrics/_ranking.py:469: UndefinedMetricWarning: Only one class is present in y_true. ROC AUC score is not defined in that case.
  warnings.warn(
/lenovofs1/home/jyma/PLM_benchmark/p303_resplit/venv/lib/python3.11/site-packages/sklearn/metrics/_ranking.py:469: UndefinedMetricWarning: Only one class is present in y_true. ROC AUC score is not defined in that case.
  warnings.warn(
/lenovofs1/home/jyma/PLM_benchmark/p303_resplit/venv/lib/python3.11/site-packages/sklearn/metrics/_ranking.py:469: UndefinedMetricWarning: Only one class is present in y_true. ROC AUC score is not defined in that case.
  warnings.warn(
/lenovofs1/home/jyma/PLM_benchmark/p303_resplit/venv/lib/python3.11/site-packages/sklearn/metrics/_ranking.py:469: UndefinedMetricWarning: Only one class is present in y_true. ROC AUC score is not defined in that case.
  warnings.warn(
/lenovofs1/home/jyma/PLM_benchmark/p303_resplit/venv/lib/python3.11/site-packages/sklearn/metrics/_ranking.py:469: UndefinedMetricWarning: Only one class is present in y_true. ROC AUC score is not defined in that case.
  warnings.warn(
/lenovofs1/home/jyma/PLM_benchmark/p303_resplit/venv/lib/python3.11/site-packages/sklearn/metrics/_ranking.py:469: UndefinedMetricWarning: Only one class is present in y_true. ROC AUC score is not defined in that case.
  warnings.warn(
/lenovofs1/home/jyma/PLM_benchmark/p303_resplit/venv/lib/python3.11/site-packages/sklearn/metrics/_ranking.py:469: UndefinedMetricWarning: Only one class is present in y_true. ROC AUC score is not defined in that case.
  warnings.warn(
/lenovofs1/home/jyma/PLM_benchmark/p303_resplit/venv/lib/python3.11/site-packages/sklearn/metrics/_ranking.py:469: UndefinedMetricWarning: Only one class is present in y_true. ROC AUC score is not defined in that case.
  warnings.warn(
/lenovofs1/home/jyma/PLM_benchmark/p303_resplit/venv/lib/python3.11/site-packages/sklearn/metrics/_ranking.py:469: UndefinedMetricWarning: Only one class is present in y_true. ROC AUC score is not defined in that case.
  warnings.warn(
/lenovofs1/home/jyma/PLM_benchmark/p303_resplit/venv/lib/python3.11/site-packages/sklearn/metrics/_ranking.py:469: UndefinedMetricWarning: Only one class is present in y_true. ROC AUC score is not defined in that case.
  warnings.warn(
/lenovofs1/home/jyma/PLM_benchmark/p303_resplit/venv/lib/python3.11/site-packages/sklearn/metrics/_ranking.py:469: UndefinedMetricWarning: Only one class is present in y_true. ROC AUC score is not defined in that case.
  warnings.warn(
/lenovofs1/home/jyma/PLM_benchmark/p303_resplit/venv/lib/python3.11/site-packages/sklearn/metrics/_ranking.py:469: UndefinedMetricWarning: Only one class is present in y_true. ROC AUC score is not defined in that case.
  warnings.warn(
/lenovofs1/home/jyma/PLM_benchmark/p303_resplit/venv/lib/python3.11/site-packages/sklearn/metrics/_ranking.py:469: UndefinedMetricWarning: Only one class is present in y_true. ROC AUC score is not defined in that case.
  warnings.warn(
/lenovofs1/home/jyma/PLM_benchmark/p303_resplit/venv/lib/python3.11/site-packages/sklearn/metrics/_ranking.py:469: UndefinedMetricWarning: Only one class is present in y_true. ROC AUC score is not defined in that case.
  warnings.warn(
/lenovofs1/home/jyma/PLM_benchmark/p303_resplit/venv/lib/python3.11/site-packages/sklearn/metrics/_ranking.py:469: UndefinedMetricWarning: Only one class is present in y_true. ROC AUC score is not defined in that case.
  warnings.warn(
/lenovofs1/home/jyma/PLM_benchmark/p303_resplit/venv/lib/python3.11/site-packages/sklearn/metrics/_ranking.py:469: UndefinedMetricWarning: Only one class is present in y_true. ROC AUC score is not defined in that case.
  warnings.warn(
/lenovofs1/home/jyma/PLM_benchmark/p303_resplit/venv/lib/python3.11/site-packages/sklearn/metrics/_ranking.py:469: UndefinedMetricWarning: Only one class is present in y_true. ROC AUC score is not defined in that case.
  warnings.warn(
/lenovofs1/home/jyma/PLM_benchmark/p303_resplit/venv/lib/python3.11/site-packages/sklearn/metrics/_ranking.py:469: UndefinedMetricWarning: Only one class is present in y_true. ROC AUC score is not defined in that case.
  warnings.warn(
/lenovofs1/home/jyma/PLM_benchmark/p303_resplit/venv/lib/python3.11/site-packages/sklearn/metrics/_ranking.py:469: UndefinedMetricWarning: Only one class is present in y_true. ROC AUC score is not defined in that case.
  warnings.warn(
/lenovofs1/home/jyma/PLM_benchmark/p303_resplit/venv/lib/python3.11/site-packages/sklearn/metrics/_ranking.py:469: UndefinedMetricWarning: Only one class is present in y_true. ROC AUC score is not defined in that case.
  warnings.warn(
/lenovofs1/home/jyma/PLM_benchmark/p303_resplit/venv/lib/python3.11/site-packages/sklearn/metrics/_ranking.py:469: UndefinedMetricWarning: Only one class is present in y_true. ROC AUC score is not defined in that case.
  warnings.warn(
/lenovofs1/home/jyma/PLM_benchmark/p303_resplit/venv/lib/python3.11/site-packages/sklearn/metrics/_ranking.py:469: UndefinedMetricWarning: Only one class is present in y_true. ROC AUC score is not defined in that case.
  warnings.warn(
/lenovofs1/home/jyma/PLM_benchmark/p303_resplit/venv/lib/python3.11/site-packages/sklearn/metrics/_ranking.py:469: UndefinedMetricWarning: Only one class is present in y_true. ROC AUC score is not defined in that case.
  warnings.warn(
/lenovofs1/home/jyma/PLM_benchmark/p303_resplit/venv/lib/python3.11/site-packages/sklearn/metrics/_ranking.py:469: UndefinedMetricWarning: Only one class is present in y_true. ROC AUC score is not defined in that case.
  warnings.warn(
/lenovofs1/home/jyma/PLM_benchmark/p303_resplit/venv/lib/python3.11/site-packages/sklearn/metrics/_ranking.py:469: UndefinedMetricWarning: Only one class is present in y_true. ROC AUC score is not defined in that case.
  warnings.warn(
/lenovofs1/home/jyma/PLM_benchmark/p303_resplit/venv/lib/python3.11/site-packages/sklearn/metrics/_ranking.py:469: UndefinedMetricWarning: Only one class is present in y_true. ROC AUC score is not defined in that case.
  warnings.warn(
/lenovofs1/home/jyma/PLM_benchmark/p303_resplit/venv/lib/python3.11/site-packages/sklearn/metrics/_ranking.py:469: UndefinedMetricWarning: Only one class is present in y_true. ROC AUC score is not defined in that case.
  warnings.warn(
/lenovofs1/home/jyma/PLM_benchmark/p303_resplit/venv/lib/python3.11/site-packages/sklearn/metrics/_ranking.py:469: UndefinedMetricWarning: Only one class is present in y_true. ROC AUC score is not defined in that case.
  warnings.warn(
/lenovofs1/home/jyma/PLM_benchmark/p303_resplit/venv/lib/python3.11/site-packages/sklearn/metrics/_ranking.py:469: UndefinedMetricWarning: Only one class is present in y_true. ROC AUC score is not defined in that case.
  warnings.warn(
/lenovofs1/home/jyma/PLM_benchmark/p303_resplit/venv/lib/python3.11/site-packages/sklearn/metrics/_ranking.py:469: UndefinedMetricWarning: Only one class is present in y_true. ROC AUC score is not defined in that case.
  warnings.warn(
/lenovofs1/home/jyma/PLM_benchmark/p303_resplit/venv/lib/python3.11/site-packages/sklearn/metrics/_ranking.py:469: UndefinedMetricWarning: Only one class is present in y_true. ROC AUC score is not defined in that case.
  warnings.warn(
/lenovofs1/home/jyma/PLM_benchmark/p303_resplit/venv/lib/python3.11/site-packages/sklearn/metrics/_ranking.py:469: UndefinedMetricWarning: Only one class is present in y_true. ROC AUC score is not defined in that case.
  warnings.warn(
[skip] KNOT_PRESENCE 已有产物
[skip] KNOT_TYPE_3_1_vs_other 已有产物
[skip] FS_REGION 已有产物
[DISORDER500] seed13 h64d2 Δmetric=-0.311744 CI95=[-0.232207, 0.196832]
/lenovofs1/home/jyma/PLM_benchmark/p303_resplit/venv/lib/python3.11/site-packages/sklearn/metrics/_ranking.py:469: UndefinedMetricWarning: Only one class is present in y_true. ROC AUC score is not defined in that case.
  warnings.warn(
/lenovofs1/home/jyma/PLM_benchmark/p303_resplit/venv/lib/python3.11/site-packages/sklearn/metrics/_ranking.py:469: UndefinedMetricWarning: Only one class is present in y_true. ROC AUC score is not defined in that case.
  warnings.warn(
/lenovofs1/home/jyma/PLM_benchmark/p303_resplit/venv/lib/python3.11/site-packages/sklearn/metrics/_ranking.py:469: UndefinedMetricWarning: Only one class is present in y_true. ROC AUC score is not defined in that case.
  warnings.warn(
/lenovofs1/home/jyma/PLM_benchmark/p303_resplit/venv/lib/python3.11/site-packages/sklearn/metrics/_ranking.py:469: UndefinedMetricWarning: Only one class is present in y_true. ROC AUC score is not defined in that case.
  warnings.warn(
/lenovofs1/home/jyma/PLM_benchmark/p303_resplit/venv/lib/python3.11/site-packages/sklearn/metrics/_ranking.py:469: UndefinedMetricWarning: Only one class is present in y_true. ROC AUC score is not defined in that case.
  warnings.warn(
/lenovofs1/home/jyma/PLM_benchmark/p303_resplit/venv/lib/python3.11/site-packages/sklearn/metrics/_ranking.py:469: UndefinedMetricWarning: Only one class is present in y_true. ROC AUC score is not defined in that case.
  warnings.warn(
/lenovofs1/home/jyma/PLM_benchmark/p303_resplit/venv/lib/python3.11/site-packages/sklearn/metrics/_ranking.py:469: UndefinedMetricWarning: Only one class is present in y_true. ROC AUC score is not defined in that case.
  warnings.warn(
/lenovofs1/home/jyma/PLM_benchmark/p303_resplit/venv/lib/python3.11/site-packages/sklearn/metrics/_ranking.py:469: UndefinedMetricWarning: Only one class is present in y_true. ROC AUC score is not defined in that case.
  warnings.warn(
/lenovofs1/home/jyma/PLM_benchmark/p303_resplit/venv/lib/python3.11/site-packages/sklearn/metrics/_ranking.py:469: UndefinedMetricWarning: Only one class is present in y_true. ROC AUC score is not defined in that case.
  warnings.warn(
/lenovofs1/home/jyma/PLM_benchmark/p303_resplit/venv/lib/python3.11/site-packages/sklearn/metrics/_ranking.py:469: UndefinedMetricWarning: Only one class is present in y_true. ROC AUC score is not defined in that case.
  warnings.warn(
/lenovofs1/home/jyma/PLM_benchmark/p303_resplit/venv/lib/python3.11/site-packages/sklearn/metrics/_ranking.py:469: UndefinedMetricWarning: Only one class is present in y_true. ROC AUC score is not defined in that case.
  warnings.warn(
/lenovofs1/home/jyma/PLM_benchmark/p303_resplit/venv/lib/python3.11/site-packages/sklearn/metrics/_ranking.py:469: UndefinedMetricWarning: Only one class is present in y_true. ROC AUC score is not defined in that case.
  warnings.warn(
/lenovofs1/home/jyma/PLM_benchmark/p303_resplit/venv/lib/python3.11/site-packages/sklearn/metrics/_ranking.py:469: UndefinedMetricWarning: Only one class is present in y_true. ROC AUC score is not defined in that case.
  warnings.warn(
/lenovofs1/home/jyma/PLM_benchmark/p303_resplit/venv/lib/python3.11/site-packages/sklearn/metrics/_ranking.py:469: UndefinedMetricWarning: Only one class is present in y_true. ROC AUC score is not defined in that case.
  warnings.warn(
/lenovofs1/home/jyma/PLM_benchmark/p303_resplit/venv/lib/python3.11/site-packages/sklearn/metrics/_ranking.py:469: UndefinedMetricWarning: Only one class is present in y_true. ROC AUC score is not defined in that case.
  warnings.warn(
/lenovofs1/home/jyma/PLM_benchmark/p303_resplit/venv/lib/python3.11/site-packages/sklearn/metrics/_ranking.py:469: UndefinedMetricWarning: Only one class is present in y_true. ROC AUC score is not defined in that case.
  warnings.warn(
/lenovofs1/home/jyma/PLM_benchmark/p303_resplit/venv/lib/python3.11/site-packages/sklearn/metrics/_ranking.py:469: UndefinedMetricWarning: Only one class is present in y_true. ROC AUC score is not defined in that case.
  warnings.warn(
/lenovofs1/home/jyma/PLM_benchmark/p303_resplit/venv/lib/python3.11/site-packages/sklearn/metrics/_ranking.py:469: UndefinedMetricWarning: Only one class is present in y_true. ROC AUC score is not defined in that case.
  warnings.warn(
/lenovofs1/home/jyma/PLM_benchmark/p303_resplit/venv/lib/python3.11/site-packages/sklearn/metrics/_ranking.py:469: UndefinedMetricWarning: Only one class is present in y_true. ROC AUC score is not defined in that case.
  warnings.warn(
/lenovofs1/home/jyma/PLM_benchmark/p303_resplit/venv/lib/python3.11/site-packages/sklearn/metrics/_ranking.py:469: UndefinedMetricWarning: Only one class is present in y_true. ROC AUC score is not defined in that case.
  warnings.warn(
/lenovofs1/home/jyma/PLM_benchmark/p303_resplit/venv/lib/python3.11/site-packages/sklearn/metrics/_ranking.py:469: UndefinedMetricWarning: Only one class is present in y_true. ROC AUC score is not defined in that case.
  warnings.warn(
/lenovofs1/home/jyma/PLM_benchmark/p303_resplit/venv/lib/python3.11/site-packages/sklearn/metrics/_ranking.py:469: UndefinedMetricWarning: Only one class is present in y_true. ROC AUC score is not defined in that case.
  warnings.warn(
/lenovofs1/home/jyma/PLM_benchmark/p303_resplit/venv/lib/python3.11/site-packages/sklearn/metrics/_ranking.py:469: UndefinedMetricWarning: Only one class is present in y_true. ROC AUC score is not defined in that case.
  warnings.warn(
/lenovofs1/home/jyma/PLM_benchmark/p303_resplit/venv/lib/python3.11/site-packages/sklearn/metrics/_ranking.py:469: UndefinedMetricWarning: Only one class is present in y_true. ROC AUC score is not defined in that case.
  warnings.warn(
/lenovofs1/home/jyma/PLM_benchmark/p303_resplit/venv/lib/python3.11/site-packages/sklearn/metrics/_ranking.py:469: UndefinedMetricWarning: Only one class is present in y_true. ROC AUC score is not defined in that case.
  warnings.warn(
/lenovofs1/home/jyma/PLM_benchmark/p303_resplit/venv/lib/python3.11/site-packages/sklearn/metrics/_ranking.py:469: UndefinedMetricWarning: Only one class is present in y_true. ROC AUC score is not defined in that case.
  warnings.warn(
/lenovofs1/home/jyma/PLM_benchmark/p303_resplit/venv/lib/python3.11/site-packages/sklearn/metrics/_ranking.py:469: UndefinedMetricWarning: Only one class is present in y_true. ROC AUC score is not defined in that case.
  warnings.warn(
/lenovofs1/home/jyma/PLM_benchmark/p303_resplit/venv/lib/python3.11/site-packages/sklearn/metrics/_ranking.py:469: UndefinedMetricWarning: Only one class is present in y_true. ROC AUC score is not defined in that case.
  warnings.warn(
/lenovofs1/home/jyma/PLM_benchmark/p303_resplit/venv/lib/python3.11/site-packages/sklearn/metrics/_ranking.py:469: UndefinedMetricWarning: Only one class is present in y_true. ROC AUC score is not defined in that case.
  warnings.warn(
/lenovofs1/home/jyma/PLM_benchmark/p303_resplit/venv/lib/python3.11/site-packages/sklearn/metrics/_ranking.py:469: UndefinedMetricWarning: Only one class is present in y_true. ROC AUC score is not defined in that case.
  warnings.warn(
/lenovofs1/home/jyma/PLM_benchmark/p303_resplit/venv/lib/python3.11/site-packages/sklearn/metrics/_ranking.py:469: UndefinedMetricWarning: Only one class is present in y_true. ROC AUC score is not defined in that case.
  warnings.warn(
/lenovofs1/home/jyma/PLM_benchmark/p303_resplit/venv/lib/python3.11/site-packages/sklearn/metrics/_ranking.py:469: UndefinedMetricWarning: Only one class is present in y_true. ROC AUC score is not defined in that case.
  warnings.warn(
/lenovofs1/home/jyma/PLM_benchmark/p303_resplit/venv/lib/python3.11/site-packages/sklearn/metrics/_ranking.py:469: UndefinedMetricWarning: Only one class is present in y_true. ROC AUC score is not defined in that case.
  warnings.warn(
/lenovofs1/home/jyma/PLM_benchmark/p303_resplit/venv/lib/python3.11/site-packages/sklearn/metrics/_ranking.py:469: UndefinedMetricWarning: Only one class is present in y_true. ROC AUC score is not defined in that case.
  warnings.warn(
/lenovofs1/home/jyma/PLM_benchmark/p303_resplit/venv/lib/python3.11/site-packages/sklearn/metrics/_ranking.py:469: UndefinedMetricWarning: Only one class is present in y_true. ROC AUC score is not defined in that case.
  warnings.warn(
/lenovofs1/home/jyma/PLM_benchmark/p303_resplit/venv/lib/python3.11/site-packages/sklearn/metrics/_ranking.py:469: UndefinedMetricWarning: Only one class is present in y_true. ROC AUC score is not defined in that case.
  warnings.warn(
/lenovofs1/home/jyma/PLM_benchmark/p303_resplit/venv/lib/python3.11/site-packages/sklearn/metrics/_ranking.py:469: UndefinedMetricWarning: Only one class is present in y_true. ROC AUC score is not defined in that case.
  warnings.warn(
/lenovofs1/home/jyma/PLM_benchmark/p303_resplit/venv/lib/python3.11/site-packages/sklearn/metrics/_ranking.py:469: UndefinedMetricWarning: Only one class is present in y_true. ROC AUC score is not defined in that case.
  warnings.warn(
/lenovofs1/home/jyma/PLM_benchmark/p303_resplit/venv/lib/python3.11/site-packages/sklearn/metrics/_ranking.py:469: UndefinedMetricWarning: Only one class is present in y_true. ROC AUC score is not defined in that case.
  warnings.warn(
/lenovofs1/home/jyma/PLM_benchmark/p303_resplit/venv/lib/python3.11/site-packages/sklearn/metrics/_ranking.py:469: UndefinedMetricWarning: Only one class is present in y_true. ROC AUC score is not defined in that case.
  warnings.warn(
[DISORDER500] seed42 h64d2 Δmetric=-0.321778 CI95=[-0.244888, 0.206174]
/lenovofs1/home/jyma/PLM_benchmark/p303_resplit/venv/lib/python3.11/site-packages/sklearn/metrics/_ranking.py:469: UndefinedMetricWarning: Only one class is present in y_true. ROC AUC score is not defined in that case.
  warnings.warn(
/lenovofs1/home/jyma/PLM_benchmark/p303_resplit/venv/lib/python3.11/site-packages/sklearn/metrics/_ranking.py:469: UndefinedMetricWarning: Only one class is present in y_true. ROC AUC score is not defined in that case.
  warnings.warn(
/lenovofs1/home/jyma/PLM_benchmark/p303_resplit/venv/lib/python3.11/site-packages/sklearn/metrics/_ranking.py:469: UndefinedMetricWarning: Only one class is present in y_true. ROC AUC score is not defined in that case.
  warnings.warn(
/lenovofs1/home/jyma/PLM_benchmark/p303_resplit/venv/lib/python3.11/site-packages/sklearn/metrics/_ranking.py:469: UndefinedMetricWarning: Only one class is present in y_true. ROC AUC score is not defined in that case.
  warnings.warn(
/lenovofs1/home/jyma/PLM_benchmark/p303_resplit/venv/lib/python3.11/site-packages/sklearn/metrics/_ranking.py:469: UndefinedMetricWarning: Only one class is present in y_true. ROC AUC score is not defined in that case.
  warnings.warn(
/lenovofs1/home/jyma/PLM_benchmark/p303_resplit/venv/lib/python3.11/site-packages/sklearn/metrics/_ranking.py:469: UndefinedMetricWarning: Only one class is present in y_true. ROC AUC score is not defined in that case.
  warnings.warn(
/lenovofs1/home/jyma/PLM_benchmark/p303_resplit/venv/lib/python3.11/site-packages/sklearn/metrics/_ranking.py:469: UndefinedMetricWarning: Only one class is present in y_true. ROC AUC score is not defined in that case.
  warnings.warn(
/lenovofs1/home/jyma/PLM_benchmark/p303_resplit/venv/lib/python3.11/site-packages/sklearn/metrics/_ranking.py:469: UndefinedMetricWarning: Only one class is present in y_true. ROC AUC score is not defined in that case.
  warnings.warn(
/lenovofs1/home/jyma/PLM_benchmark/p303_resplit/venv/lib/python3.11/site-packages/sklearn/metrics/_ranking.py:469: UndefinedMetricWarning: Only one class is present in y_true. ROC AUC score is not defined in that case.
  warnings.warn(
/lenovofs1/home/jyma/PLM_benchmark/p303_resplit/venv/lib/python3.11/site-packages/sklearn/metrics/_ranking.py:469: UndefinedMetricWarning: Only one class is present in y_true. ROC AUC score is not defined in that case.
  warnings.warn(
/lenovofs1/home/jyma/PLM_benchmark/p303_resplit/venv/lib/python3.11/site-packages/sklearn/metrics/_ranking.py:469: UndefinedMetricWarning: Only one class is present in y_true. ROC AUC score is not defined in that case.
  warnings.warn(
/lenovofs1/home/jyma/PLM_benchmark/p303_resplit/venv/lib/python3.11/site-packages/sklearn/metrics/_ranking.py:469: UndefinedMetricWarning: Only one class is present in y_true. ROC AUC score is not defined in that case.
  warnings.warn(
/lenovofs1/home/jyma/PLM_benchmark/p303_resplit/venv/lib/python3.11/site-packages/sklearn/metrics/_ranking.py:469: UndefinedMetricWarning: Only one class is present in y_true. ROC AUC score is not defined in that case.
  warnings.warn(
/lenovofs1/home/jyma/PLM_benchmark/p303_resplit/venv/lib/python3.11/site-packages/sklearn/metrics/_ranking.py:469: UndefinedMetricWarning: Only one class is present in y_true. ROC AUC score is not defined in that case.
  warnings.warn(
/lenovofs1/home/jyma/PLM_benchmark/p303_resplit/venv/lib/python3.11/site-packages/sklearn/metrics/_ranking.py:469: UndefinedMetricWarning: Only one class is present in y_true. ROC AUC score is not defined in that case.
  warnings.warn(
/lenovofs1/home/jyma/PLM_benchmark/p303_resplit/venv/lib/python3.11/site-packages/sklearn/metrics/_ranking.py:469: UndefinedMetricWarning: Only one class is present in y_true. ROC AUC score is not defined in that case.
  warnings.warn(
/lenovofs1/home/jyma/PLM_benchmark/p303_resplit/venv/lib/python3.11/site-packages/sklearn/metrics/_ranking.py:469: UndefinedMetricWarning: Only one class is present in y_true. ROC AUC score is not defined in that case.
  warnings.warn(
/lenovofs1/home/jyma/PLM_benchmark/p303_resplit/venv/lib/python3.11/site-packages/sklearn/metrics/_ranking.py:469: UndefinedMetricWarning: Only one class is present in y_true. ROC AUC score is not defined in that case.
  warnings.warn(
/lenovofs1/home/jyma/PLM_benchmark/p303_resplit/venv/lib/python3.11/site-packages/sklearn/metrics/_ranking.py:469: UndefinedMetricWarning: Only one class is present in y_true. ROC AUC score is not defined in that case.
  warnings.warn(
/lenovofs1/home/jyma/PLM_benchmark/p303_resplit/venv/lib/python3.11/site-packages/sklearn/metrics/_ranking.py:469: UndefinedMetricWarning: Only one class is present in y_true. ROC AUC score is not defined in that case.
  warnings.warn(
/lenovofs1/home/jyma/PLM_benchmark/p303_resplit/venv/lib/python3.11/site-packages/sklearn/metrics/_ranking.py:469: UndefinedMetricWarning: Only one class is present in y_true. ROC AUC score is not defined in that case.
  warnings.warn(
/lenovofs1/home/jyma/PLM_benchmark/p303_resplit/venv/lib/python3.11/site-packages/sklearn/metrics/_ranking.py:469: UndefinedMetricWarning: Only one class is present in y_true. ROC AUC score is not defined in that case.
  warnings.warn(
/lenovofs1/home/jyma/PLM_benchmark/p303_resplit/venv/lib/python3.11/site-packages/sklearn/metrics/_ranking.py:469: UndefinedMetricWarning: Only one class is present in y_true. ROC AUC score is not defined in that case.
  warnings.warn(
/lenovofs1/home/jyma/PLM_benchmark/p303_resplit/venv/lib/python3.11/site-packages/sklearn/metrics/_ranking.py:469: UndefinedMetricWarning: Only one class is present in y_true. ROC AUC score is not defined in that case.
  warnings.warn(
[DISORDER500] seed2026 h64d2 Δmetric=-0.152475 CI95=[-0.082444, 0.195524]
[DISORDER500] linear=0.9983 Δmetric_seedmean=-0.261999 ci95_env=[-0.244888, 0.206174] sig99=False
[FS_L2A_rank] linear=1.0000(C10) Δ=-0.0019 CI=[-0.00227, -0.001556] p=0.855944
[p304] DONE
=== P304_DONE 2026-09-25 21:59:05 ===
